<?xml version="1.0"?>
<link_info>
   <banner>MSP430 Linker PC v4.4.2</banner>
   <copyright>Copyright (c) 2003-2014 Texas Instruments Incorporated</copyright>
   <link_time>0x54ca3234</link_time>
   <link_errors>0x0</link_errors>
   <output_file>emptyProject.out</output_file>
   <entry_point>
      <name>_c_int00_noargs_noexit</name>
      <address>0x807a</address>
   </entry_point>
   <input_file_list>
      <input_file id="fl-2">
         <path>.\</path>
         <kind>object</kind>
         <file>main.obj</file>
         <name>main.obj</name>
      </input_file>
      <input_file id="fl-3">
         <path>.\driverlib\MSP430F5xx_6xx\</path>
         <kind>object</kind>
         <file>adc10_a.obj</file>
         <name>adc10_a.obj</name>
      </input_file>
      <input_file id="fl-4">
         <path>.\driverlib\MSP430F5xx_6xx\</path>
         <kind>object</kind>
         <file>adc12_a.obj</file>
         <name>adc12_a.obj</name>
      </input_file>
      <input_file id="fl-5">
         <path>.\driverlib\MSP430F5xx_6xx\</path>
         <kind>object</kind>
         <file>aes.obj</file>
         <name>aes.obj</name>
      </input_file>
      <input_file id="fl-6">
         <path>.\driverlib\MSP430F5xx_6xx\</path>
         <kind>object</kind>
         <file>battbak.obj</file>
         <name>battbak.obj</name>
      </input_file>
      <input_file id="fl-7">
         <path>.\driverlib\MSP430F5xx_6xx\</path>
         <kind>object</kind>
         <file>comp_b.obj</file>
         <name>comp_b.obj</name>
      </input_file>
      <input_file id="fl-8">
         <path>.\driverlib\MSP430F5xx_6xx\</path>
         <kind>object</kind>
         <file>crc.obj</file>
         <name>crc.obj</name>
      </input_file>
      <input_file id="fl-9">
         <path>.\driverlib\MSP430F5xx_6xx\</path>
         <kind>object</kind>
         <file>dac12_a.obj</file>
         <name>dac12_a.obj</name>
      </input_file>
      <input_file id="fl-a">
         <path>.\driverlib\MSP430F5xx_6xx\</path>
         <kind>object</kind>
         <file>dma.obj</file>
         <name>dma.obj</name>
      </input_file>
      <input_file id="fl-b">
         <path>.\driverlib\MSP430F5xx_6xx\</path>
         <kind>object</kind>
         <file>eusci_a_spi.obj</file>
         <name>eusci_a_spi.obj</name>
      </input_file>
      <input_file id="fl-c">
         <path>.\driverlib\MSP430F5xx_6xx\</path>
         <kind>object</kind>
         <file>eusci_a_uart.obj</file>
         <name>eusci_a_uart.obj</name>
      </input_file>
      <input_file id="fl-d">
         <path>.\driverlib\MSP430F5xx_6xx\</path>
         <kind>object</kind>
         <file>eusci_b_i2c.obj</file>
         <name>eusci_b_i2c.obj</name>
      </input_file>
      <input_file id="fl-e">
         <path>.\driverlib\MSP430F5xx_6xx\</path>
         <kind>object</kind>
         <file>eusci_b_spi.obj</file>
         <name>eusci_b_spi.obj</name>
      </input_file>
      <input_file id="fl-f">
         <path>.\driverlib\MSP430F5xx_6xx\</path>
         <kind>object</kind>
         <file>eusci_i2c.obj</file>
         <name>eusci_i2c.obj</name>
      </input_file>
      <input_file id="fl-10">
         <path>.\driverlib\MSP430F5xx_6xx\</path>
         <kind>object</kind>
         <file>eusci_spi.obj</file>
         <name>eusci_spi.obj</name>
      </input_file>
      <input_file id="fl-11">
         <path>.\driverlib\MSP430F5xx_6xx\</path>
         <kind>object</kind>
         <file>eusci_uart.obj</file>
         <name>eusci_uart.obj</name>
      </input_file>
      <input_file id="fl-12">
         <path>.\driverlib\MSP430F5xx_6xx\</path>
         <kind>object</kind>
         <file>flashctl.obj</file>
         <name>flashctl.obj</name>
      </input_file>
      <input_file id="fl-13">
         <path>.\driverlib\MSP430F5xx_6xx\</path>
         <kind>object</kind>
         <file>gpio.obj</file>
         <name>gpio.obj</name>
      </input_file>
      <input_file id="fl-14">
         <path>.\driverlib\MSP430F5xx_6xx\</path>
         <kind>object</kind>
         <file>ldopwr.obj</file>
         <name>ldopwr.obj</name>
      </input_file>
      <input_file id="fl-15">
         <path>.\driverlib\MSP430F5xx_6xx\</path>
         <kind>object</kind>
         <file>mpy32.obj</file>
         <name>mpy32.obj</name>
      </input_file>
      <input_file id="fl-16">
         <path>.\driverlib\MSP430F5xx_6xx\</path>
         <kind>object</kind>
         <file>pmap.obj</file>
         <name>pmap.obj</name>
      </input_file>
      <input_file id="fl-17">
         <path>.\driverlib\MSP430F5xx_6xx\</path>
         <kind>object</kind>
         <file>pmm.obj</file>
         <name>pmm.obj</name>
      </input_file>
      <input_file id="fl-18">
         <path>.\driverlib\MSP430F5xx_6xx\</path>
         <kind>object</kind>
         <file>ram.obj</file>
         <name>ram.obj</name>
      </input_file>
      <input_file id="fl-19">
         <path>.\driverlib\MSP430F5xx_6xx\</path>
         <kind>object</kind>
         <file>ref.obj</file>
         <name>ref.obj</name>
      </input_file>
      <input_file id="fl-1a">
         <path>.\driverlib\MSP430F5xx_6xx\</path>
         <kind>object</kind>
         <file>rtc_a.obj</file>
         <name>rtc_a.obj</name>
      </input_file>
      <input_file id="fl-1b">
         <path>.\driverlib\MSP430F5xx_6xx\</path>
         <kind>object</kind>
         <file>rtc_b.obj</file>
         <name>rtc_b.obj</name>
      </input_file>
      <input_file id="fl-1c">
         <path>.\driverlib\MSP430F5xx_6xx\</path>
         <kind>object</kind>
         <file>rtc_c.obj</file>
         <name>rtc_c.obj</name>
      </input_file>
      <input_file id="fl-1d">
         <path>.\driverlib\MSP430F5xx_6xx\</path>
         <kind>object</kind>
         <file>sd24_b.obj</file>
         <name>sd24_b.obj</name>
      </input_file>
      <input_file id="fl-1e">
         <path>.\driverlib\MSP430F5xx_6xx\</path>
         <kind>object</kind>
         <file>sfr.obj</file>
         <name>sfr.obj</name>
      </input_file>
      <input_file id="fl-1f">
         <path>.\driverlib\MSP430F5xx_6xx\</path>
         <kind>object</kind>
         <file>sysctl.obj</file>
         <name>sysctl.obj</name>
      </input_file>
      <input_file id="fl-20">
         <path>.\driverlib\MSP430F5xx_6xx\</path>
         <kind>object</kind>
         <file>tec.obj</file>
         <name>tec.obj</name>
      </input_file>
      <input_file id="fl-21">
         <path>.\driverlib\MSP430F5xx_6xx\</path>
         <kind>object</kind>
         <file>timer_a.obj</file>
         <name>timer_a.obj</name>
      </input_file>
      <input_file id="fl-22">
         <path>.\driverlib\MSP430F5xx_6xx\</path>
         <kind>object</kind>
         <file>timer_b.obj</file>
         <name>timer_b.obj</name>
      </input_file>
      <input_file id="fl-23">
         <path>.\driverlib\MSP430F5xx_6xx\</path>
         <kind>object</kind>
         <file>timer_d.obj</file>
         <name>timer_d.obj</name>
      </input_file>
      <input_file id="fl-24">
         <path>.\driverlib\MSP430F5xx_6xx\</path>
         <kind>object</kind>
         <file>tlv.obj</file>
         <name>tlv.obj</name>
      </input_file>
      <input_file id="fl-25">
         <path>.\driverlib\MSP430F5xx_6xx\</path>
         <kind>object</kind>
         <file>ucs.obj</file>
         <name>ucs.obj</name>
      </input_file>
      <input_file id="fl-26">
         <path>.\driverlib\MSP430F5xx_6xx\</path>
         <kind>object</kind>
         <file>usci_a_spi.obj</file>
         <name>usci_a_spi.obj</name>
      </input_file>
      <input_file id="fl-27">
         <path>.\driverlib\MSP430F5xx_6xx\</path>
         <kind>object</kind>
         <file>usci_a_uart.obj</file>
         <name>usci_a_uart.obj</name>
      </input_file>
      <input_file id="fl-28">
         <path>.\driverlib\MSP430F5xx_6xx\</path>
         <kind>object</kind>
         <file>usci_b_i2c.obj</file>
         <name>usci_b_i2c.obj</name>
      </input_file>
      <input_file id="fl-29">
         <path>.\driverlib\MSP430F5xx_6xx\</path>
         <kind>object</kind>
         <file>usci_b_spi.obj</file>
         <name>usci_b_spi.obj</name>
      </input_file>
      <input_file id="fl-2a">
         <path>.\driverlib\MSP430F5xx_6xx\</path>
         <kind>object</kind>
         <file>usci_i2c.obj</file>
         <name>usci_i2c.obj</name>
      </input_file>
      <input_file id="fl-2b">
         <path>.\driverlib\MSP430F5xx_6xx\</path>
         <kind>object</kind>
         <file>usci_spi.obj</file>
         <name>usci_spi.obj</name>
      </input_file>
      <input_file id="fl-2c">
         <path>.\driverlib\MSP430F5xx_6xx\</path>
         <kind>object</kind>
         <file>usci_uart.obj</file>
         <name>usci_uart.obj</name>
      </input_file>
      <input_file id="fl-2d">
         <path>.\driverlib\MSP430F5xx_6xx\</path>
         <kind>object</kind>
         <file>wdt_a.obj</file>
         <name>wdt_a.obj</name>
      </input_file>
      <input_file id="fl-2e">
         <path>.\driverlib\MSP430F5xx_6xx\deprecated\</path>
         <kind>object</kind>
         <file>dma.obj</file>
         <name>dma.obj</name>
      </input_file>
      <input_file id="fl-2f">
         <path>.\driverlib\MSP430F5xx_6xx\deprecated\</path>
         <kind>object</kind>
         <file>flashctl.obj</file>
         <name>flashctl.obj</name>
      </input_file>
      <input_file id="fl-30">
         <path>.\driverlib\MSP430F5xx_6xx\deprecated\</path>
         <kind>object</kind>
         <file>mpy32.obj</file>
         <name>mpy32.obj</name>
      </input_file>
      <input_file id="fl-31">
         <path>.\driverlib\MSP430F5xx_6xx\deprecated\</path>
         <kind>object</kind>
         <file>pmm.obj</file>
         <name>pmm.obj</name>
      </input_file>
      <input_file id="fl-32">
         <path>.\driverlib\MSP430F5xx_6xx\deprecated\</path>
         <kind>object</kind>
         <file>ram.obj</file>
         <name>ram.obj</name>
      </input_file>
      <input_file id="fl-33">
         <path>.\driverlib\MSP430F5xx_6xx\deprecated\</path>
         <kind>object</kind>
         <file>sfr.obj</file>
         <name>sfr.obj</name>
      </input_file>
      <input_file id="fl-34">
         <path>.\driverlib\MSP430F5xx_6xx\deprecated\</path>
         <kind>object</kind>
         <file>sysctl.obj</file>
         <name>sysctl.obj</name>
      </input_file>
      <input_file id="fl-35">
         <path>.\driverlib\MSP430F5xx_6xx\deprecated\</path>
         <kind>object</kind>
         <file>ucs.obj</file>
         <name>ucs.obj</name>
      </input_file>
      <input_file id="fl-65">
         <path>C:\Apps\TI\ccsv6\tools\compiler\ti-cgt-msp430_4.4.2\lib\</path>
         <kind>archive</kind>
         <file>rts430x_lc_sd_eabi.lib</file>
         <name>boot.obj</name>
      </input_file>
      <input_file id="fl-66">
         <path>C:\Apps\TI\ccsv6\tools\compiler\ti-cgt-msp430_4.4.2\lib\</path>
         <kind>archive</kind>
         <file>rts430x_lc_sd_eabi.lib</file>
         <name>boot_special.obj</name>
      </input_file>
      <input_file id="fl-67">
         <path>C:\Apps\TI\ccsv6\tools\compiler\ti-cgt-msp430_4.4.2\lib\</path>
         <kind>archive</kind>
         <file>rts430x_lc_sd_eabi.lib</file>
         <name>copy_decompress_none.obj</name>
      </input_file>
      <input_file id="fl-68">
         <path>C:\Apps\TI\ccsv6\tools\compiler\ti-cgt-msp430_4.4.2\lib\</path>
         <kind>archive</kind>
         <file>rts430x_lc_sd_eabi.lib</file>
         <name>copy_decompress_rle.obj</name>
      </input_file>
      <input_file id="fl-69">
         <path>C:\Apps\TI\ccsv6\tools\compiler\ti-cgt-msp430_4.4.2\lib\</path>
         <kind>archive</kind>
         <file>rts430x_lc_sd_eabi.lib</file>
         <name>copy_zero_init.obj</name>
      </input_file>
      <input_file id="fl-6a">
         <path>C:\Apps\TI\ccsv6\tools\compiler\ti-cgt-msp430_4.4.2\lib\</path>
         <kind>archive</kind>
         <file>rts430x_lc_sd_eabi.lib</file>
         <name>cpy_util.obj</name>
      </input_file>
      <input_file id="fl-6b">
         <path>C:\Apps\TI\ccsv6\tools\compiler\ti-cgt-msp430_4.4.2\lib\</path>
         <kind>archive</kind>
         <file>rts430x_lc_sd_eabi.lib</file>
         <name>div32u.obj</name>
      </input_file>
      <input_file id="fl-6c">
         <path>C:\Apps\TI\ccsv6\tools\compiler\ti-cgt-msp430_4.4.2\lib\</path>
         <kind>archive</kind>
         <file>rts430x_lc_sd_eabi.lib</file>
         <name>exit.obj</name>
      </input_file>
      <input_file id="fl-6d">
         <path>C:\Apps\TI\ccsv6\tools\compiler\ti-cgt-msp430_4.4.2\lib\</path>
         <kind>archive</kind>
         <file>rts430x_lc_sd_eabi.lib</file>
         <name>int45.obj</name>
      </input_file>
      <input_file id="fl-6e">
         <path>C:\Apps\TI\ccsv6\tools\compiler\ti-cgt-msp430_4.4.2\lib\</path>
         <kind>archive</kind>
         <file>rts430x_lc_sd_eabi.lib</file>
         <name>int46.obj</name>
      </input_file>
      <input_file id="fl-6f">
         <path>C:\Apps\TI\ccsv6\tools\compiler\ti-cgt-msp430_4.4.2\lib\</path>
         <kind>archive</kind>
         <file>rts430x_lc_sd_eabi.lib</file>
         <name>int48.obj</name>
      </input_file>
      <input_file id="fl-70">
         <path>C:\Apps\TI\ccsv6\tools\compiler\ti-cgt-msp430_4.4.2\lib\</path>
         <kind>archive</kind>
         <file>rts430x_lc_sd_eabi.lib</file>
         <name>int49.obj</name>
      </input_file>
      <input_file id="fl-71">
         <path>C:\Apps\TI\ccsv6\tools\compiler\ti-cgt-msp430_4.4.2\lib\</path>
         <kind>archive</kind>
         <file>rts430x_lc_sd_eabi.lib</file>
         <name>int50.obj</name>
      </input_file>
      <input_file id="fl-72">
         <path>C:\Apps\TI\ccsv6\tools\compiler\ti-cgt-msp430_4.4.2\lib\</path>
         <kind>archive</kind>
         <file>rts430x_lc_sd_eabi.lib</file>
         <name>int51.obj</name>
      </input_file>
      <input_file id="fl-73">
         <path>C:\Apps\TI\ccsv6\tools\compiler\ti-cgt-msp430_4.4.2\lib\</path>
         <kind>archive</kind>
         <file>rts430x_lc_sd_eabi.lib</file>
         <name>int52.obj</name>
      </input_file>
      <input_file id="fl-74">
         <path>C:\Apps\TI\ccsv6\tools\compiler\ti-cgt-msp430_4.4.2\lib\</path>
         <kind>archive</kind>
         <file>rts430x_lc_sd_eabi.lib</file>
         <name>int53.obj</name>
      </input_file>
      <input_file id="fl-75">
         <path>C:\Apps\TI\ccsv6\tools\compiler\ti-cgt-msp430_4.4.2\lib\</path>
         <kind>archive</kind>
         <file>rts430x_lc_sd_eabi.lib</file>
         <name>int54.obj</name>
      </input_file>
      <input_file id="fl-76">
         <path>C:\Apps\TI\ccsv6\tools\compiler\ti-cgt-msp430_4.4.2\lib\</path>
         <kind>archive</kind>
         <file>rts430x_lc_sd_eabi.lib</file>
         <name>int55.obj</name>
      </input_file>
      <input_file id="fl-77">
         <path>C:\Apps\TI\ccsv6\tools\compiler\ti-cgt-msp430_4.4.2\lib\</path>
         <kind>archive</kind>
         <file>rts430x_lc_sd_eabi.lib</file>
         <name>int56.obj</name>
      </input_file>
      <input_file id="fl-78">
         <path>C:\Apps\TI\ccsv6\tools\compiler\ti-cgt-msp430_4.4.2\lib\</path>
         <kind>archive</kind>
         <file>rts430x_lc_sd_eabi.lib</file>
         <name>int57.obj</name>
      </input_file>
      <input_file id="fl-79">
         <path>C:\Apps\TI\ccsv6\tools\compiler\ti-cgt-msp430_4.4.2\lib\</path>
         <kind>archive</kind>
         <file>rts430x_lc_sd_eabi.lib</file>
         <name>int58.obj</name>
      </input_file>
      <input_file id="fl-7a">
         <path>C:\Apps\TI\ccsv6\tools\compiler\ti-cgt-msp430_4.4.2\lib\</path>
         <kind>archive</kind>
         <file>rts430x_lc_sd_eabi.lib</file>
         <name>int59.obj</name>
      </input_file>
      <input_file id="fl-7b">
         <path>C:\Apps\TI\ccsv6\tools\compiler\ti-cgt-msp430_4.4.2\lib\</path>
         <kind>archive</kind>
         <file>rts430x_lc_sd_eabi.lib</file>
         <name>int60.obj</name>
      </input_file>
      <input_file id="fl-7c">
         <path>C:\Apps\TI\ccsv6\tools\compiler\ti-cgt-msp430_4.4.2\lib\</path>
         <kind>archive</kind>
         <file>rts430x_lc_sd_eabi.lib</file>
         <name>int61.obj</name>
      </input_file>
      <input_file id="fl-7d">
         <path>C:\Apps\TI\ccsv6\tools\compiler\ti-cgt-msp430_4.4.2\lib\</path>
         <kind>archive</kind>
         <file>rts430x_lc_sd_eabi.lib</file>
         <name>int62.obj</name>
      </input_file>
      <input_file id="fl-7e">
         <path>C:\Apps\TI\ccsv6\tools\compiler\ti-cgt-msp430_4.4.2\lib\</path>
         <kind>archive</kind>
         <file>rts430x_lc_sd_eabi.lib</file>
         <name>isr_trap.obj</name>
      </input_file>
      <input_file id="fl-7f">
         <path>C:\Apps\TI\ccsv6\tools\compiler\ti-cgt-msp430_4.4.2\lib\</path>
         <kind>archive</kind>
         <file>rts430x_lc_sd_eabi.lib</file>
         <name>_lock.obj</name>
      </input_file>
      <input_file id="fl-80">
         <path>C:\Apps\TI\ccsv6\tools\compiler\ti-cgt-msp430_4.4.2\lib\</path>
         <kind>archive</kind>
         <file>rts430x_lc_sd_eabi.lib</file>
         <name>lsl16.obj</name>
      </input_file>
      <input_file id="fl-81">
         <path>C:\Apps\TI\ccsv6\tools\compiler\ti-cgt-msp430_4.4.2\lib\</path>
         <kind>archive</kind>
         <file>rts430x_lc_sd_eabi.lib</file>
         <name>memcpy.obj</name>
      </input_file>
      <input_file id="fl-82">
         <path>C:\Apps\TI\ccsv6\tools\compiler\ti-cgt-msp430_4.4.2\lib\</path>
         <kind>archive</kind>
         <file>rts430x_lc_sd_eabi.lib</file>
         <name>mpu_init.obj</name>
      </input_file>
      <input_file id="fl-83">
         <path>C:\Apps\TI\ccsv6\tools\compiler\ti-cgt-msp430_4.4.2\lib\</path>
         <kind>archive</kind>
         <file>rts430x_lc_sd_eabi.lib</file>
         <name>mult1632_f5hw.obj</name>
      </input_file>
      <input_file id="fl-84">
         <path>C:\Apps\TI\ccsv6\tools\compiler\ti-cgt-msp430_4.4.2\lib\</path>
         <kind>archive</kind>
         <file>rts430x_lc_sd_eabi.lib</file>
         <name>mult16_f5hw.obj</name>
      </input_file>
      <input_file id="fl-85">
         <path>C:\Apps\TI\ccsv6\tools\compiler\ti-cgt-msp430_4.4.2\lib\</path>
         <kind>archive</kind>
         <file>rts430x_lc_sd_eabi.lib</file>
         <name>mult3264_f5hw.obj</name>
      </input_file>
      <input_file id="fl-86">
         <path>C:\Apps\TI\ccsv6\tools\compiler\ti-cgt-msp430_4.4.2\lib\</path>
         <kind>archive</kind>
         <file>rts430x_lc_sd_eabi.lib</file>
         <name>mult32_f5hw.obj</name>
      </input_file>
      <input_file id="fl-87">
         <path>C:\Apps\TI\ccsv6\tools\compiler\ti-cgt-msp430_4.4.2\lib\</path>
         <kind>archive</kind>
         <file>rts430x_lc_sd_eabi.lib</file>
         <name>mult64_f5hw.obj</name>
      </input_file>
      <input_file id="fl-88">
         <path>C:\Apps\TI\ccsv6\tools\compiler\ti-cgt-msp430_4.4.2\lib\</path>
         <kind>archive</kind>
         <file>rts430x_lc_sd_eabi.lib</file>
         <name>pre_init.obj</name>
      </input_file>
      <input_file id="fl-89">
         <path>C:\Apps\TI\ccsv6\tools\compiler\ti-cgt-msp430_4.4.2\lib\</path>
         <kind>archive</kind>
         <file>rts430x_lc_sd_eabi.lib</file>
         <name>args_main.obj</name>
      </input_file>
      <input_file id="fl-8a">
         <path>C:\Apps\TI\ccsv6\tools\compiler\ti-cgt-msp430_4.4.2\lib\</path>
         <kind>archive</kind>
         <file>rts430x_lc_sd_eabi.lib</file>
         <name>autoinit_wdt.obj</name>
      </input_file>
   </input_file_list>
   <object_component_list>
      <object_component id="oc-c4">
         <name>.stack</name>
         <uninitialized>true</uninitialized>
         <run_address>0x2bac</run_address>
         <size>0x2</size>
         <input_file_ref idref="fl-65"/>
      </object_component>
      <object_component id="oc-1d6">
         <name>.stack</name>
         <uninitialized>true</uninitialized>
         <run_address>0x2bac</run_address>
         <size>0x0</size>
      </object_component>
      <object_component id="oc-f3">
         <name>.text:_auto_init_hold_wdt</name>
         <load_address>0x8000</load_address>
         <run_address>0x8000</run_address>
         <size>0x7a</size>
         <input_file_ref idref="fl-8a"/>
      </object_component>
      <object_component id="oc-a0">
         <name>.text:_isr:_c_int00_noargs_noexit</name>
         <load_address>0x807a</load_address>
         <run_address>0x807a</run_address>
         <size>0x1a</size>
         <input_file_ref idref="fl-66"/>
      </object_component>
      <object_component id="oc-e1">
         <name>.text:_isr:__TI_ISR_TRAP</name>
         <load_address>0x8094</load_address>
         <run_address>0x8094</run_address>
         <size>0x6</size>
         <input_file_ref idref="fl-7e"/>
      </object_component>
      <object_component id="oc-ed">
         <name>.text:_system_pre_init</name>
         <load_address>0x809a</load_address>
         <run_address>0x809a</run_address>
         <size>0x4</size>
         <input_file_ref idref="fl-88"/>
      </object_component>
      <object_component id="oc-115">
         <name>.text:abort</name>
         <load_address>0x809e</load_address>
         <run_address>0x809e</run_address>
         <size>0x4</size>
         <input_file_ref idref="fl-6c"/>
      </object_component>
      <object_component id="oc-10d">
         <name>.text:main</name>
         <load_address>0x80a2</load_address>
         <run_address>0x80a2</run_address>
         <size>0x2</size>
         <input_file_ref idref="fl-2"/>
      </object_component>
      <object_component id="oc-71">
         <name>.int45</name>
         <load_address>0xffda</load_address>
         <run_address>0xffda</run_address>
         <size>0x2</size>
         <input_file_ref idref="fl-6d"/>
      </object_component>
      <object_component id="oc-72">
         <name>.int46</name>
         <load_address>0xffdc</load_address>
         <run_address>0xffdc</run_address>
         <size>0x2</size>
         <input_file_ref idref="fl-6e"/>
      </object_component>
      <object_component id="oc-73">
         <name>.int48</name>
         <load_address>0xffe0</load_address>
         <run_address>0xffe0</run_address>
         <size>0x2</size>
         <input_file_ref idref="fl-6f"/>
      </object_component>
      <object_component id="oc-74">
         <name>.int49</name>
         <load_address>0xffe2</load_address>
         <run_address>0xffe2</run_address>
         <size>0x2</size>
         <input_file_ref idref="fl-70"/>
      </object_component>
      <object_component id="oc-75">
         <name>.int50</name>
         <load_address>0xffe4</load_address>
         <run_address>0xffe4</run_address>
         <size>0x2</size>
         <input_file_ref idref="fl-71"/>
      </object_component>
      <object_component id="oc-76">
         <name>.int51</name>
         <load_address>0xffe6</load_address>
         <run_address>0xffe6</run_address>
         <size>0x2</size>
         <input_file_ref idref="fl-72"/>
      </object_component>
      <object_component id="oc-77">
         <name>.int52</name>
         <load_address>0xffe8</load_address>
         <run_address>0xffe8</run_address>
         <size>0x2</size>
         <input_file_ref idref="fl-73"/>
      </object_component>
      <object_component id="oc-78">
         <name>.int53</name>
         <load_address>0xffea</load_address>
         <run_address>0xffea</run_address>
         <size>0x2</size>
         <input_file_ref idref="fl-74"/>
      </object_component>
      <object_component id="oc-79">
         <name>.int54</name>
         <load_address>0xffec</load_address>
         <run_address>0xffec</run_address>
         <size>0x2</size>
         <input_file_ref idref="fl-75"/>
      </object_component>
      <object_component id="oc-7a">
         <name>.int55</name>
         <load_address>0xffee</load_address>
         <run_address>0xffee</run_address>
         <size>0x2</size>
         <input_file_ref idref="fl-76"/>
      </object_component>
      <object_component id="oc-7b">
         <name>.int56</name>
         <load_address>0xfff0</load_address>
         <run_address>0xfff0</run_address>
         <size>0x2</size>
         <input_file_ref idref="fl-77"/>
      </object_component>
      <object_component id="oc-7c">
         <name>.int57</name>
         <load_address>0xfff2</load_address>
         <run_address>0xfff2</run_address>
         <size>0x2</size>
         <input_file_ref idref="fl-78"/>
      </object_component>
      <object_component id="oc-7d">
         <name>.int58</name>
         <load_address>0xfff4</load_address>
         <run_address>0xfff4</run_address>
         <size>0x2</size>
         <input_file_ref idref="fl-79"/>
      </object_component>
      <object_component id="oc-7e">
         <name>.int59</name>
         <load_address>0xfff6</load_address>
         <run_address>0xfff6</run_address>
         <size>0x2</size>
         <input_file_ref idref="fl-7a"/>
      </object_component>
      <object_component id="oc-7f">
         <name>.int60</name>
         <load_address>0xfff8</load_address>
         <run_address>0xfff8</run_address>
         <size>0x2</size>
         <input_file_ref idref="fl-7b"/>
      </object_component>
      <object_component id="oc-80">
         <name>.int61</name>
         <load_address>0xfffa</load_address>
         <run_address>0xfffa</run_address>
         <size>0x2</size>
         <input_file_ref idref="fl-7c"/>
      </object_component>
      <object_component id="oc-81">
         <name>.int62</name>
         <load_address>0xfffc</load_address>
         <run_address>0xfffc</run_address>
         <size>0x2</size>
         <input_file_ref idref="fl-7d"/>
      </object_component>
      <object_component id="oc-c7">
         <name>.reset</name>
         <load_address>0xfffe</load_address>
         <run_address>0xfffe</run_address>
         <size>0x2</size>
         <input_file_ref idref="fl-65"/>
      </object_component>
      <object_component id="oc-10e">
         <name>.debug_info</name>
         <load_address>0x0</load_address>
         <run_address>0x0</run_address>
         <size>0xff</size>
         <input_file_ref idref="fl-2"/>
      </object_component>
      <object_component id="oc-123">
         <name>.debug_info</name>
         <load_address>0xff</load_address>
         <run_address>0xff</run_address>
         <size>0x84</size>
         <input_file_ref idref="fl-3"/>
      </object_component>
      <object_component id="oc-c5">
         <name>.debug_info</name>
         <load_address>0x183</load_address>
         <run_address>0x183</run_address>
         <size>0xd8</size>
         <input_file_ref idref="fl-65"/>
      </object_component>
      <object_component id="oc-a2">
         <name>.debug_info</name>
         <load_address>0x25b</load_address>
         <run_address>0x25b</run_address>
         <size>0x179</size>
         <input_file_ref idref="fl-66"/>
      </object_component>
      <object_component id="oc-116">
         <name>.debug_info</name>
         <load_address>0x3d4</load_address>
         <run_address>0x3d4</run_address>
         <size>0xfa</size>
         <input_file_ref idref="fl-6c"/>
      </object_component>
      <object_component id="oc-e2">
         <name>.debug_info</name>
         <load_address>0x4ce</load_address>
         <run_address>0x4ce</run_address>
         <size>0xf0</size>
         <input_file_ref idref="fl-7e"/>
      </object_component>
      <object_component id="oc-ee">
         <name>.debug_info</name>
         <load_address>0x5be</load_address>
         <run_address>0x5be</run_address>
         <size>0x12b</size>
         <input_file_ref idref="fl-88"/>
      </object_component>
      <object_component id="oc-133">
         <name>.debug_info</name>
         <load_address>0x6e9</load_address>
         <run_address>0x6e9</run_address>
         <size>0x31e</size>
         <input_file_ref idref="fl-8a"/>
      </object_component>
      <object_component id="oc-f7">
         <name>.debug_info</name>
         <load_address>0xa07</load_address>
         <run_address>0xa07</run_address>
         <size>0x1de</size>
         <input_file_ref idref="fl-8a"/>
      </object_component>
      <object_component id="oc-14e">
         <name>.debug_info</name>
         <load_address>0xbe5</load_address>
         <run_address>0xbe5</run_address>
         <size>0x39</size>
         <input_file_ref idref="fl-8a"/>
      </object_component>
      <object_component id="oc-134">
         <name>.debug_info</name>
         <load_address>0xc1e</load_address>
         <run_address>0xc1e</run_address>
         <size>0x2c</size>
         <input_file_ref idref="fl-8a"/>
      </object_component>
      <object_component id="oc-1d7">
         <name>.debug_info</name>
         <load_address>0xc4a</load_address>
         <run_address>0xc4a</run_address>
         <size>0xb3</size>
      </object_component>
      <object_component id="oc-111">
         <name>.debug_line</name>
         <load_address>0x0</load_address>
         <run_address>0x0</run_address>
         <size>0x3b</size>
         <input_file_ref idref="fl-2"/>
      </object_component>
      <object_component id="oc-126">
         <name>.debug_line</name>
         <load_address>0x3b</load_address>
         <run_address>0x3b</run_address>
         <size>0x20</size>
         <input_file_ref idref="fl-3"/>
      </object_component>
      <object_component id="oc-122">
         <name>.debug_line</name>
         <load_address>0x5b</load_address>
         <run_address>0x5b</run_address>
         <size>0x2a</size>
         <input_file_ref idref="fl-65"/>
      </object_component>
      <object_component id="oc-a5">
         <name>.debug_line</name>
         <load_address>0x85</load_address>
         <run_address>0x85</run_address>
         <size>0x4c</size>
         <input_file_ref idref="fl-66"/>
      </object_component>
      <object_component id="oc-11a">
         <name>.debug_line</name>
         <load_address>0xd1</load_address>
         <run_address>0xd1</run_address>
         <size>0x3a</size>
         <input_file_ref idref="fl-6c"/>
      </object_component>
      <object_component id="oc-e5">
         <name>.debug_line</name>
         <load_address>0x10b</load_address>
         <run_address>0x10b</run_address>
         <size>0x3c</size>
         <input_file_ref idref="fl-7e"/>
      </object_component>
      <object_component id="oc-f1">
         <name>.debug_line</name>
         <load_address>0x147</load_address>
         <run_address>0x147</run_address>
         <size>0x3e</size>
         <input_file_ref idref="fl-88"/>
      </object_component>
      <object_component id="oc-14d">
         <name>.debug_line</name>
         <load_address>0x185</load_address>
         <run_address>0x185</run_address>
         <size>0x40</size>
         <input_file_ref idref="fl-8a"/>
      </object_component>
      <object_component id="oc-f6">
         <name>.debug_line</name>
         <load_address>0x1c5</load_address>
         <run_address>0x1c5</run_address>
         <size>0x94</size>
         <input_file_ref idref="fl-8a"/>
      </object_component>
      <object_component id="oc-151">
         <name>.debug_line</name>
         <load_address>0x259</load_address>
         <run_address>0x259</run_address>
         <size>0x2e</size>
         <input_file_ref idref="fl-8a"/>
      </object_component>
      <object_component id="oc-137">
         <name>.debug_line</name>
         <load_address>0x287</load_address>
         <run_address>0x287</run_address>
         <size>0x72</size>
         <input_file_ref idref="fl-8a"/>
      </object_component>
      <object_component id="oc-112">
         <name>.debug_frame</name>
         <load_address>0x0</load_address>
         <run_address>0x0</run_address>
         <size>0x47</size>
         <input_file_ref idref="fl-2"/>
      </object_component>
      <object_component id="oc-a1">
         <name>.debug_frame</name>
         <load_address>0x47</load_address>
         <run_address>0x47</run_address>
         <size>0x42</size>
         <input_file_ref idref="fl-66"/>
      </object_component>
      <object_component id="oc-119">
         <name>.debug_frame</name>
         <load_address>0x89</load_address>
         <run_address>0x89</run_address>
         <size>0x47</size>
         <input_file_ref idref="fl-6c"/>
      </object_component>
      <object_component id="oc-f2">
         <name>.debug_frame</name>
         <load_address>0xd0</load_address>
         <run_address>0xd0</run_address>
         <size>0x47</size>
         <input_file_ref idref="fl-88"/>
      </object_component>
      <object_component id="oc-f4">
         <name>.debug_frame</name>
         <load_address>0x117</load_address>
         <run_address>0x117</run_address>
         <size>0x59</size>
         <input_file_ref idref="fl-8a"/>
      </object_component>
      <object_component id="oc-14a">
         <name>.debug_abbrev</name>
         <load_address>0x0</load_address>
         <run_address>0x0</run_address>
         <size>0x50</size>
         <input_file_ref idref="fl-2"/>
      </object_component>
      <object_component id="oc-125">
         <name>.debug_abbrev</name>
         <load_address>0x50</load_address>
         <run_address>0x50</run_address>
         <size>0x1f</size>
         <input_file_ref idref="fl-3"/>
      </object_component>
      <object_component id="oc-121">
         <name>.debug_abbrev</name>
         <load_address>0x6f</load_address>
         <run_address>0x6f</run_address>
         <size>0x29</size>
         <input_file_ref idref="fl-65"/>
      </object_component>
      <object_component id="oc-11b">
         <name>.debug_abbrev</name>
         <load_address>0x98</load_address>
         <run_address>0x98</run_address>
         <size>0x58</size>
         <input_file_ref idref="fl-66"/>
      </object_component>
      <object_component id="oc-14b">
         <name>.debug_abbrev</name>
         <load_address>0xf0</load_address>
         <run_address>0xf0</run_address>
         <size>0x45</size>
         <input_file_ref idref="fl-6c"/>
      </object_component>
      <object_component id="oc-12e">
         <name>.debug_abbrev</name>
         <load_address>0x135</load_address>
         <run_address>0x135</run_address>
         <size>0x27</size>
         <input_file_ref idref="fl-7e"/>
      </object_component>
      <object_component id="oc-131">
         <name>.debug_abbrev</name>
         <load_address>0x15c</load_address>
         <run_address>0x15c</run_address>
         <size>0x55</size>
         <input_file_ref idref="fl-88"/>
      </object_component>
      <object_component id="oc-14c">
         <name>.debug_abbrev</name>
         <load_address>0x1b1</load_address>
         <run_address>0x1b1</run_address>
         <size>0x94</size>
         <input_file_ref idref="fl-8a"/>
      </object_component>
      <object_component id="oc-132">
         <name>.debug_abbrev</name>
         <load_address>0x245</load_address>
         <run_address>0x245</run_address>
         <size>0x70</size>
         <input_file_ref idref="fl-8a"/>
      </object_component>
      <object_component id="oc-150">
         <name>.debug_abbrev</name>
         <load_address>0x2b5</load_address>
         <run_address>0x2b5</run_address>
         <size>0x24</size>
         <input_file_ref idref="fl-8a"/>
      </object_component>
      <object_component id="oc-136">
         <name>.debug_abbrev</name>
         <load_address>0x2d9</load_address>
         <run_address>0x2d9</run_address>
         <size>0x24</size>
         <input_file_ref idref="fl-8a"/>
      </object_component>
      <object_component id="oc-1d8">
         <name>.debug_abbrev</name>
         <load_address>0x2fd</load_address>
         <run_address>0x2fd</run_address>
         <size>0xf</size>
      </object_component>
      <object_component id="oc-110">
         <name>.debug_aranges</name>
         <load_address>0x0</load_address>
         <run_address>0x0</run_address>
         <size>0x20</size>
         <input_file_ref idref="fl-2"/>
      </object_component>
      <object_component id="oc-a4">
         <name>.debug_aranges</name>
         <load_address>0x20</load_address>
         <run_address>0x20</run_address>
         <size>0x20</size>
         <input_file_ref idref="fl-66"/>
      </object_component>
      <object_component id="oc-118">
         <name>.debug_aranges</name>
         <load_address>0x40</load_address>
         <run_address>0x40</run_address>
         <size>0x20</size>
         <input_file_ref idref="fl-6c"/>
      </object_component>
      <object_component id="oc-e3">
         <name>.debug_aranges</name>
         <load_address>0x60</load_address>
         <run_address>0x60</run_address>
         <size>0x20</size>
         <input_file_ref idref="fl-7e"/>
      </object_component>
      <object_component id="oc-ef">
         <name>.debug_aranges</name>
         <load_address>0x80</load_address>
         <run_address>0x80</run_address>
         <size>0x20</size>
         <input_file_ref idref="fl-88"/>
      </object_component>
      <object_component id="oc-f5">
         <name>.debug_aranges</name>
         <load_address>0xa0</load_address>
         <run_address>0xa0</run_address>
         <size>0x20</size>
         <input_file_ref idref="fl-8a"/>
      </object_component>
      <object_component id="oc-10f">
         <name>.debug_pubnames</name>
         <load_address>0x0</load_address>
         <run_address>0x0</run_address>
         <size>0x1b</size>
         <input_file_ref idref="fl-2"/>
      </object_component>
      <object_component id="oc-c6">
         <name>.debug_pubnames</name>
         <load_address>0x1b</load_address>
         <run_address>0x1b</run_address>
         <size>0x1d</size>
         <input_file_ref idref="fl-65"/>
      </object_component>
      <object_component id="oc-a3">
         <name>.debug_pubnames</name>
         <load_address>0x38</load_address>
         <run_address>0x38</run_address>
         <size>0x2d</size>
         <input_file_ref idref="fl-66"/>
      </object_component>
      <object_component id="oc-117">
         <name>.debug_pubnames</name>
         <load_address>0x65</load_address>
         <run_address>0x65</run_address>
         <size>0x1c</size>
         <input_file_ref idref="fl-6c"/>
      </object_component>
      <object_component id="oc-e4">
         <name>.debug_pubnames</name>
         <load_address>0x81</load_address>
         <run_address>0x81</run_address>
         <size>0x2b</size>
         <input_file_ref idref="fl-7e"/>
      </object_component>
      <object_component id="oc-f0">
         <name>.debug_pubnames</name>
         <load_address>0xac</load_address>
         <run_address>0xac</run_address>
         <size>0x27</size>
         <input_file_ref idref="fl-88"/>
      </object_component>
      <object_component id="oc-f8">
         <name>.debug_pubnames</name>
         <load_address>0xd3</load_address>
         <run_address>0xd3</run_address>
         <size>0x2a</size>
         <input_file_ref idref="fl-8a"/>
      </object_component>
      <object_component id="oc-127">
         <name>.debug_str</name>
         <load_address>0x0</load_address>
         <run_address>0x0</run_address>
         <size>0xf5</size>
         <input_file_ref idref="fl-3"/>
      </object_component>
      <object_component id="oc-152">
         <name>.debug_str</name>
         <load_address>0xf5</load_address>
         <run_address>0xf5</run_address>
         <size>0xc5</size>
         <input_file_ref idref="fl-8a"/>
      </object_component>
      <object_component id="oc-138">
         <name>.debug_str</name>
         <load_address>0x1ba</load_address>
         <run_address>0x1ba</run_address>
         <size>0xfa</size>
         <input_file_ref idref="fl-8a"/>
      </object_component>
      <object_component id="oc-124">
         <name>.debug_pubtypes</name>
         <load_address>0x0</load_address>
         <run_address>0x0</run_address>
         <size>0xed</size>
         <input_file_ref idref="fl-3"/>
      </object_component>
      <object_component id="oc-14f">
         <name>.debug_pubtypes</name>
         <load_address>0xed</load_address>
         <run_address>0xed</run_address>
         <size>0x32</size>
         <input_file_ref idref="fl-8a"/>
      </object_component>
      <object_component id="oc-135">
         <name>.debug_pubtypes</name>
         <load_address>0x11f</load_address>
         <run_address>0x11f</run_address>
         <size>0x1f</size>
         <input_file_ref idref="fl-8a"/>
      </object_component>
   </object_component_list>
   <logical_group_list>
      <logical_group id="lg-2" display="no" color="cyan">
         <name>.bss</name>
         <run_address>0x0</run_address>
         <size>0x0</size>
         <contents>
         </contents>
      </logical_group>
      <logical_group id="lg-4" display="no" color="cyan">
         <name>.TI.noinit</name>
         <run_address>0x0</run_address>
         <size>0x0</size>
         <contents>
         </contents>
      </logical_group>
      <logical_group id="lg-5" display="no" color="cyan">
         <name>.sysmem</name>
         <run_address>0x0</run_address>
         <size>0x0</size>
         <contents>
         </contents>
      </logical_group>
      <logical_group id="lg-6" display="no" color="cyan">
         <name>.stack</name>
         <run_address>0x2bac</run_address>
         <size>0x50</size>
         <contents>
            <object_component_ref idref="oc-c4"/>
            <object_component_ref idref="oc-1d6"/>
         </contents>
      </logical_group>
      <logical_group id="lg-7" display="no" color="cyan">
         <name>.text</name>
         <load_address>0x8000</load_address>
         <run_address>0x8000</run_address>
         <size>0xa4</size>
         <contents>
            <object_component_ref idref="oc-f3"/>
            <object_component_ref idref="oc-a0"/>
            <object_component_ref idref="oc-e1"/>
            <object_component_ref idref="oc-ed"/>
            <object_component_ref idref="oc-115"/>
            <object_component_ref idref="oc-10d"/>
         </contents>
      </logical_group>
      <logical_group id="lg-8" display="no" color="cyan">
         <name>.cinit</name>
         <run_address>0x0</run_address>
         <size>0x0</size>
         <contents>
         </contents>
      </logical_group>
      <logical_group id="lg-9" display="no" color="cyan">
         <name>.const</name>
         <run_address>0x0</run_address>
         <size>0x0</size>
         <contents>
         </contents>
      </logical_group>
      <logical_group id="lg-a" display="no" color="cyan">
         <name>.cio</name>
         <run_address>0x0</run_address>
         <size>0x0</size>
         <contents>
         </contents>
      </logical_group>
      <logical_group id="lg-b" display="no" color="cyan">
         <name>.pinit</name>
         <run_address>0x0</run_address>
         <size>0x0</size>
         <contents>
         </contents>
      </logical_group>
      <logical_group id="lg-c" display="no" color="cyan">
         <name>.init_array</name>
         <run_address>0x0</run_address>
         <size>0x0</size>
         <contents>
         </contents>
      </logical_group>
      <logical_group id="lg-d" display="no" color="cyan">
         <name>.mspabi.exidx</name>
         <run_address>0x0</run_address>
         <size>0x0</size>
         <contents>
         </contents>
      </logical_group>
      <logical_group id="lg-e" display="no" color="cyan">
         <name>.mspabi.extab</name>
         <run_address>0x0</run_address>
         <size>0x0</size>
         <contents>
         </contents>
      </logical_group>
      <logical_group id="lg-f" display="no" color="cyan">
         <name>.infoA</name>
         <run_address>0x0</run_address>
         <size>0x0</size>
         <contents>
         </contents>
      </logical_group>
      <logical_group id="lg-10" display="no" color="cyan">
         <name>.infoB</name>
         <run_address>0x0</run_address>
         <size>0x0</size>
         <contents>
         </contents>
      </logical_group>
      <logical_group id="lg-11" display="no" color="cyan">
         <name>.infoC</name>
         <run_address>0x0</run_address>
         <size>0x0</size>
         <contents>
         </contents>
      </logical_group>
      <logical_group id="lg-12" display="no" color="cyan">
         <name>.infoD</name>
         <run_address>0x0</run_address>
         <size>0x0</size>
         <contents>
         </contents>
      </logical_group>
      <logical_group id="lg-13" display="no" color="cyan">
         <name>.int00</name>
         <run_address>0x0</run_address>
         <size>0x0</size>
         <contents>
         </contents>
      </logical_group>
      <logical_group id="lg-14" display="no" color="cyan">
         <name>.int01</name>
         <run_address>0x0</run_address>
         <size>0x0</size>
         <contents>
         </contents>
      </logical_group>
      <logical_group id="lg-15" display="no" color="cyan">
         <name>.int02</name>
         <run_address>0x0</run_address>
         <size>0x0</size>
         <contents>
         </contents>
      </logical_group>
      <logical_group id="lg-16" display="no" color="cyan">
         <name>.int03</name>
         <run_address>0x0</run_address>
         <size>0x0</size>
         <contents>
         </contents>
      </logical_group>
      <logical_group id="lg-17" display="no" color="cyan">
         <name>.int04</name>
         <run_address>0x0</run_address>
         <size>0x0</size>
         <contents>
         </contents>
      </logical_group>
      <logical_group id="lg-18" display="no" color="cyan">
         <name>.int05</name>
         <run_address>0x0</run_address>
         <size>0x0</size>
         <contents>
         </contents>
      </logical_group>
      <logical_group id="lg-19" display="no" color="cyan">
         <name>.int06</name>
         <run_address>0x0</run_address>
         <size>0x0</size>
         <contents>
         </contents>
      </logical_group>
      <logical_group id="lg-1a" display="no" color="cyan">
         <name>.int07</name>
         <run_address>0x0</run_address>
         <size>0x0</size>
         <contents>
         </contents>
      </logical_group>
      <logical_group id="lg-1b" display="no" color="cyan">
         <name>.int08</name>
         <run_address>0x0</run_address>
         <size>0x0</size>
         <contents>
         </contents>
      </logical_group>
      <logical_group id="lg-1c" display="no" color="cyan">
         <name>.int09</name>
         <run_address>0x0</run_address>
         <size>0x0</size>
         <contents>
         </contents>
      </logical_group>
      <logical_group id="lg-1d" display="no" color="cyan">
         <name>.int10</name>
         <run_address>0x0</run_address>
         <size>0x0</size>
         <contents>
         </contents>
      </logical_group>
      <logical_group id="lg-1e" display="no" color="cyan">
         <name>.int11</name>
         <run_address>0x0</run_address>
         <size>0x0</size>
         <contents>
         </contents>
      </logical_group>
      <logical_group id="lg-1f" display="no" color="cyan">
         <name>.int12</name>
         <run_address>0x0</run_address>
         <size>0x0</size>
         <contents>
         </contents>
      </logical_group>
      <logical_group id="lg-20" display="no" color="cyan">
         <name>.int13</name>
         <run_address>0x0</run_address>
         <size>0x0</size>
         <contents>
         </contents>
      </logical_group>
      <logical_group id="lg-21" display="no" color="cyan">
         <name>.int14</name>
         <run_address>0x0</run_address>
         <size>0x0</size>
         <contents>
         </contents>
      </logical_group>
      <logical_group id="lg-22" display="no" color="cyan">
         <name>.int15</name>
         <run_address>0x0</run_address>
         <size>0x0</size>
         <contents>
         </contents>
      </logical_group>
      <logical_group id="lg-23" display="no" color="cyan">
         <name>.int16</name>
         <run_address>0x0</run_address>
         <size>0x0</size>
         <contents>
         </contents>
      </logical_group>
      <logical_group id="lg-24" display="no" color="cyan">
         <name>.int17</name>
         <run_address>0x0</run_address>
         <size>0x0</size>
         <contents>
         </contents>
      </logical_group>
      <logical_group id="lg-25" display="no" color="cyan">
         <name>.int18</name>
         <run_address>0x0</run_address>
         <size>0x0</size>
         <contents>
         </contents>
      </logical_group>
      <logical_group id="lg-26" display="no" color="cyan">
         <name>.int19</name>
         <run_address>0x0</run_address>
         <size>0x0</size>
         <contents>
         </contents>
      </logical_group>
      <logical_group id="lg-27" display="no" color="cyan">
         <name>.int20</name>
         <run_address>0x0</run_address>
         <size>0x0</size>
         <contents>
         </contents>
      </logical_group>
      <logical_group id="lg-28" display="no" color="cyan">
         <name>.int21</name>
         <run_address>0x0</run_address>
         <size>0x0</size>
         <contents>
         </contents>
      </logical_group>
      <logical_group id="lg-29" display="no" color="cyan">
         <name>.int22</name>
         <run_address>0x0</run_address>
         <size>0x0</size>
         <contents>
         </contents>
      </logical_group>
      <logical_group id="lg-2a" display="no" color="cyan">
         <name>.int23</name>
         <run_address>0x0</run_address>
         <size>0x0</size>
         <contents>
         </contents>
      </logical_group>
      <logical_group id="lg-2b" display="no" color="cyan">
         <name>.int24</name>
         <run_address>0x0</run_address>
         <size>0x0</size>
         <contents>
         </contents>
      </logical_group>
      <logical_group id="lg-2c" display="no" color="cyan">
         <name>.int25</name>
         <run_address>0x0</run_address>
         <size>0x0</size>
         <contents>
         </contents>
      </logical_group>
      <logical_group id="lg-2d" display="no" color="cyan">
         <name>.int26</name>
         <run_address>0x0</run_address>
         <size>0x0</size>
         <contents>
         </contents>
      </logical_group>
      <logical_group id="lg-2e" display="no" color="cyan">
         <name>.int27</name>
         <run_address>0x0</run_address>
         <size>0x0</size>
         <contents>
         </contents>
      </logical_group>
      <logical_group id="lg-2f" display="no" color="cyan">
         <name>.int28</name>
         <run_address>0x0</run_address>
         <size>0x0</size>
         <contents>
         </contents>
      </logical_group>
      <logical_group id="lg-30" display="no" color="cyan">
         <name>.int29</name>
         <run_address>0x0</run_address>
         <size>0x0</size>
         <contents>
         </contents>
      </logical_group>
      <logical_group id="lg-31" display="no" color="cyan">
         <name>.int30</name>
         <run_address>0x0</run_address>
         <size>0x0</size>
         <contents>
         </contents>
      </logical_group>
      <logical_group id="lg-32" display="no" color="cyan">
         <name>.int31</name>
         <run_address>0x0</run_address>
         <size>0x0</size>
         <contents>
         </contents>
      </logical_group>
      <logical_group id="lg-33" display="no" color="cyan">
         <name>.int32</name>
         <run_address>0x0</run_address>
         <size>0x0</size>
         <contents>
         </contents>
      </logical_group>
      <logical_group id="lg-34" display="no" color="cyan">
         <name>.int33</name>
         <run_address>0x0</run_address>
         <size>0x0</size>
         <contents>
         </contents>
      </logical_group>
      <logical_group id="lg-35" display="no" color="cyan">
         <name>.int34</name>
         <run_address>0x0</run_address>
         <size>0x0</size>
         <contents>
         </contents>
      </logical_group>
      <logical_group id="lg-36" display="no" color="cyan">
         <name>.int35</name>
         <run_address>0x0</run_address>
         <size>0x0</size>
         <contents>
         </contents>
      </logical_group>
      <logical_group id="lg-37" display="no" color="cyan">
         <name>.int36</name>
         <run_address>0x0</run_address>
         <size>0x0</size>
         <contents>
         </contents>
      </logical_group>
      <logical_group id="lg-38" display="no" color="cyan">
         <name>.int37</name>
         <run_address>0x0</run_address>
         <size>0x0</size>
         <contents>
         </contents>
      </logical_group>
      <logical_group id="lg-39" display="no" color="cyan">
         <name>.int38</name>
         <run_address>0x0</run_address>
         <size>0x0</size>
         <contents>
         </contents>
      </logical_group>
      <logical_group id="lg-3a" display="no" color="cyan">
         <name>.int39</name>
         <run_address>0x0</run_address>
         <size>0x0</size>
         <contents>
         </contents>
      </logical_group>
      <logical_group id="lg-3b" display="no" color="cyan">
         <name>.int40</name>
         <run_address>0x0</run_address>
         <size>0x0</size>
         <contents>
         </contents>
      </logical_group>
      <logical_group id="lg-3c" display="no" color="cyan">
         <name>.int41</name>
         <run_address>0x0</run_address>
         <size>0x0</size>
         <contents>
         </contents>
      </logical_group>
      <logical_group id="lg-3d" display="no" color="cyan">
         <name>.int42</name>
         <run_address>0x0</run_address>
         <size>0x0</size>
         <contents>
         </contents>
      </logical_group>
      <logical_group id="lg-3e" display="no" color="cyan">
         <name>.int43</name>
         <run_address>0x0</run_address>
         <size>0x0</size>
         <contents>
         </contents>
      </logical_group>
      <logical_group id="lg-3f" display="no" color="cyan">
         <name>.int44</name>
         <run_address>0x0</run_address>
         <size>0x0</size>
         <contents>
         </contents>
      </logical_group>
      <logical_group id="lg-40" display="no" color="cyan">
         <name>AES</name>
         <load_address>0xffda</load_address>
         <run_address>0xffda</run_address>
         <size>0x2</size>
         <contents>
            <object_component_ref idref="oc-71"/>
         </contents>
      </logical_group>
      <logical_group id="lg-42" display="no" color="cyan">
         <name>RTC</name>
         <load_address>0xffdc</load_address>
         <run_address>0xffdc</run_address>
         <size>0x2</size>
         <contents>
            <object_component_ref idref="oc-72"/>
         </contents>
      </logical_group>
      <logical_group id="lg-44" display="no" color="cyan">
         <name>.int47</name>
         <run_address>0x0</run_address>
         <size>0x0</size>
         <contents>
         </contents>
      </logical_group>
      <logical_group id="lg-45" display="no" color="cyan">
         <name>PORT2</name>
         <load_address>0xffe0</load_address>
         <run_address>0xffe0</run_address>
         <size>0x2</size>
         <contents>
            <object_component_ref idref="oc-73"/>
         </contents>
      </logical_group>
      <logical_group id="lg-47" display="no" color="cyan">
         <name>PORT1</name>
         <load_address>0xffe2</load_address>
         <run_address>0xffe2</run_address>
         <size>0x2</size>
         <contents>
            <object_component_ref idref="oc-74"/>
         </contents>
      </logical_group>
      <logical_group id="lg-49" display="no" color="cyan">
         <name>TIMER1_A1</name>
         <load_address>0xffe4</load_address>
         <run_address>0xffe4</run_address>
         <size>0x2</size>
         <contents>
            <object_component_ref idref="oc-75"/>
         </contents>
      </logical_group>
      <logical_group id="lg-4b" display="no" color="cyan">
         <name>TIMER1_A0</name>
         <load_address>0xffe6</load_address>
         <run_address>0xffe6</run_address>
         <size>0x2</size>
         <contents>
            <object_component_ref idref="oc-76"/>
         </contents>
      </logical_group>
      <logical_group id="lg-4d" display="no" color="cyan">
         <name>DMA</name>
         <load_address>0xffe8</load_address>
         <run_address>0xffe8</run_address>
         <size>0x2</size>
         <contents>
            <object_component_ref idref="oc-77"/>
         </contents>
      </logical_group>
      <logical_group id="lg-4f" display="no" color="cyan">
         <name>CC1101</name>
         <load_address>0xffea</load_address>
         <run_address>0xffea</run_address>
         <size>0x2</size>
         <contents>
            <object_component_ref idref="oc-78"/>
         </contents>
      </logical_group>
      <logical_group id="lg-51" display="no" color="cyan">
         <name>TIMER0_A1</name>
         <load_address>0xffec</load_address>
         <run_address>0xffec</run_address>
         <size>0x2</size>
         <contents>
            <object_component_ref idref="oc-79"/>
         </contents>
      </logical_group>
      <logical_group id="lg-53" display="no" color="cyan">
         <name>TIMER0_A0</name>
         <load_address>0xffee</load_address>
         <run_address>0xffee</run_address>
         <size>0x2</size>
         <contents>
            <object_component_ref idref="oc-7a"/>
         </contents>
      </logical_group>
      <logical_group id="lg-55" display="no" color="cyan">
         <name>ADC12</name>
         <load_address>0xfff0</load_address>
         <run_address>0xfff0</run_address>
         <size>0x2</size>
         <contents>
            <object_component_ref idref="oc-7b"/>
         </contents>
      </logical_group>
      <logical_group id="lg-57" display="no" color="cyan">
         <name>USCI_B0</name>
         <load_address>0xfff2</load_address>
         <run_address>0xfff2</run_address>
         <size>0x2</size>
         <contents>
            <object_component_ref idref="oc-7c"/>
         </contents>
      </logical_group>
      <logical_group id="lg-59" display="no" color="cyan">
         <name>USCI_A0</name>
         <load_address>0xfff4</load_address>
         <run_address>0xfff4</run_address>
         <size>0x2</size>
         <contents>
            <object_component_ref idref="oc-7d"/>
         </contents>
      </logical_group>
      <logical_group id="lg-5b" display="no" color="cyan">
         <name>WDT</name>
         <load_address>0xfff6</load_address>
         <run_address>0xfff6</run_address>
         <size>0x2</size>
         <contents>
            <object_component_ref idref="oc-7e"/>
         </contents>
      </logical_group>
      <logical_group id="lg-5d" display="no" color="cyan">
         <name>COMP_B</name>
         <load_address>0xfff8</load_address>
         <run_address>0xfff8</run_address>
         <size>0x2</size>
         <contents>
            <object_component_ref idref="oc-7f"/>
         </contents>
      </logical_group>
      <logical_group id="lg-5f" display="no" color="cyan">
         <name>UNMI</name>
         <load_address>0xfffa</load_address>
         <run_address>0xfffa</run_address>
         <size>0x2</size>
         <contents>
            <object_component_ref idref="oc-80"/>
         </contents>
      </logical_group>
      <logical_group id="lg-61" display="no" color="cyan">
         <name>SYSNMI</name>
         <load_address>0xfffc</load_address>
         <run_address>0xfffc</run_address>
         <size>0x2</size>
         <contents>
            <object_component_ref idref="oc-81"/>
         </contents>
      </logical_group>
      <logical_group id="lg-63" display="no" color="cyan">
         <name>.reset</name>
         <load_address>0xfffe</load_address>
         <run_address>0xfffe</run_address>
         <size>0x2</size>
         <contents>
            <object_component_ref idref="oc-c7"/>
         </contents>
      </logical_group>
      <logical_group id="lg-172" display="no" color="cyan">
         <name>.TI.persistent</name>
         <run_address>0x0</run_address>
         <size>0x0</size>
         <contents>
         </contents>
      </logical_group>
      <logical_group id="lg-3" display="no" color="cyan">
         <name>.data</name>
         <run_address>0x0</run_address>
         <size>0x0</size>
         <contents>
         </contents>
      </logical_group>
      <logical_group id="lg-171" display="no" color="cyan">
         <name>DATA_GROUP</name>
         <run_address>0x0</run_address>
         <size>0x0</size>
         <contents>
            <logical_group_ref idref="lg-172"/>
            <logical_group_ref idref="lg-3"/>
         </contents>
      </logical_group>
      <logical_group id="lg-1c5" display="never" color="cyan">
         <name>.debug_info</name>
         <load_address>0x0</load_address>
         <run_address>0x0</run_address>
         <size>0xcfd</size>
         <contents>
            <object_component_ref idref="oc-10e"/>
            <object_component_ref idref="oc-123"/>
            <object_component_ref idref="oc-c5"/>
            <object_component_ref idref="oc-a2"/>
            <object_component_ref idref="oc-116"/>
            <object_component_ref idref="oc-e2"/>
            <object_component_ref idref="oc-ee"/>
            <object_component_ref idref="oc-133"/>
            <object_component_ref idref="oc-f7"/>
            <object_component_ref idref="oc-14e"/>
            <object_component_ref idref="oc-134"/>
            <object_component_ref idref="oc-1d7"/>
         </contents>
      </logical_group>
      <logical_group id="lg-1c7" display="never" color="cyan">
         <name>.debug_line</name>
         <load_address>0x0</load_address>
         <run_address>0x0</run_address>
         <size>0x2f9</size>
         <contents>
            <object_component_ref idref="oc-111"/>
            <object_component_ref idref="oc-126"/>
            <object_component_ref idref="oc-122"/>
            <object_component_ref idref="oc-a5"/>
            <object_component_ref idref="oc-11a"/>
            <object_component_ref idref="oc-e5"/>
            <object_component_ref idref="oc-f1"/>
            <object_component_ref idref="oc-14d"/>
            <object_component_ref idref="oc-f6"/>
            <object_component_ref idref="oc-151"/>
            <object_component_ref idref="oc-137"/>
         </contents>
      </logical_group>
      <logical_group id="lg-1c9" display="never" color="cyan">
         <name>.debug_frame</name>
         <load_address>0x0</load_address>
         <run_address>0x0</run_address>
         <size>0x170</size>
         <contents>
            <object_component_ref idref="oc-112"/>
            <object_component_ref idref="oc-a1"/>
            <object_component_ref idref="oc-119"/>
            <object_component_ref idref="oc-f2"/>
            <object_component_ref idref="oc-f4"/>
         </contents>
      </logical_group>
      <logical_group id="lg-1cb" display="never" color="cyan">
         <name>.debug_abbrev</name>
         <load_address>0x0</load_address>
         <run_address>0x0</run_address>
         <size>0x30c</size>
         <contents>
            <object_component_ref idref="oc-14a"/>
            <object_component_ref idref="oc-125"/>
            <object_component_ref idref="oc-121"/>
            <object_component_ref idref="oc-11b"/>
            <object_component_ref idref="oc-14b"/>
            <object_component_ref idref="oc-12e"/>
            <object_component_ref idref="oc-131"/>
            <object_component_ref idref="oc-14c"/>
            <object_component_ref idref="oc-132"/>
            <object_component_ref idref="oc-150"/>
            <object_component_ref idref="oc-136"/>
            <object_component_ref idref="oc-1d8"/>
         </contents>
      </logical_group>
      <logical_group id="lg-1cd" display="never" color="cyan">
         <name>.debug_aranges</name>
         <load_address>0x0</load_address>
         <run_address>0x0</run_address>
         <size>0xc0</size>
         <contents>
            <object_component_ref idref="oc-110"/>
            <object_component_ref idref="oc-a4"/>
            <object_component_ref idref="oc-118"/>
            <object_component_ref idref="oc-e3"/>
            <object_component_ref idref="oc-ef"/>
            <object_component_ref idref="oc-f5"/>
         </contents>
      </logical_group>
      <logical_group id="lg-1cf" display="never" color="cyan">
         <name>.debug_pubnames</name>
         <load_address>0x0</load_address>
         <run_address>0x0</run_address>
         <size>0xfd</size>
         <contents>
            <object_component_ref idref="oc-10f"/>
            <object_component_ref idref="oc-c6"/>
            <object_component_ref idref="oc-a3"/>
            <object_component_ref idref="oc-117"/>
            <object_component_ref idref="oc-e4"/>
            <object_component_ref idref="oc-f0"/>
            <object_component_ref idref="oc-f8"/>
         </contents>
      </logical_group>
      <logical_group id="lg-1d1" display="never" color="cyan">
         <name>.debug_str</name>
         <load_address>0x0</load_address>
         <run_address>0x0</run_address>
         <size>0x2b4</size>
         <contents>
            <object_component_ref idref="oc-127"/>
            <object_component_ref idref="oc-152"/>
            <object_component_ref idref="oc-138"/>
         </contents>
      </logical_group>
      <logical_group id="lg-1d3" display="never" color="cyan">
         <name>.debug_pubtypes</name>
         <load_address>0x0</load_address>
         <run_address>0x0</run_address>
         <size>0x13e</size>
         <contents>
            <object_component_ref idref="oc-124"/>
            <object_component_ref idref="oc-14f"/>
            <object_component_ref idref="oc-135"/>
         </contents>
      </logical_group>
      <load_segment id="lg-1d9" display="no" color="cyan">
         <name>SEGMENT_0</name>
         <run_address>0x2bac</run_address>
         <size>0x50</size>
         <flags>0x6</flags>
         <contents>
            <logical_group_ref idref="lg-6"/>
         </contents>
      </load_segment>
      <load_segment id="lg-1da" display="no" color="cyan">
         <name>SEGMENT_1</name>
         <load_address>0x8000</load_address>
         <run_address>0x8000</run_address>
         <size>0xa4</size>
         <flags>0x5</flags>
         <contents>
            <logical_group_ref idref="lg-7"/>
         </contents>
      </load_segment>
      <load_segment id="lg-1db" display="no" color="cyan">
         <name>SEGMENT_2</name>
         <load_address>0xffda</load_address>
         <run_address>0xffda</run_address>
         <size>0x4</size>
         <flags>0x4</flags>
         <contents>
            <logical_group_ref idref="lg-40"/>
            <logical_group_ref idref="lg-42"/>
         </contents>
      </load_segment>
      <load_segment id="lg-1dc" display="no" color="cyan">
         <name>SEGMENT_3</name>
         <load_address>0xffe0</load_address>
         <run_address>0xffe0</run_address>
         <size>0x20</size>
         <flags>0x4</flags>
         <contents>
            <logical_group_ref idref="lg-45"/>
            <logical_group_ref idref="lg-47"/>
            <logical_group_ref idref="lg-49"/>
            <logical_group_ref idref="lg-4b"/>
            <logical_group_ref idref="lg-4d"/>
            <logical_group_ref idref="lg-4f"/>
            <logical_group_ref idref="lg-51"/>
            <logical_group_ref idref="lg-53"/>
            <logical_group_ref idref="lg-55"/>
            <logical_group_ref idref="lg-57"/>
            <logical_group_ref idref="lg-59"/>
            <logical_group_ref idref="lg-5b"/>
            <logical_group_ref idref="lg-5d"/>
            <logical_group_ref idref="lg-5f"/>
            <logical_group_ref idref="lg-61"/>
            <logical_group_ref idref="lg-63"/>
         </contents>
      </load_segment>
   </logical_group_list>
   <placement_map>
      <memory_area display="no" color="green">
         <name>SFR</name>
         <page_id>0x0</page_id>
         <origin>0x0</origin>
         <length>0x10</length>
         <used_space>0x0</used_space>
         <unused_space>0x10</unused_space>
         <attributes>RWIX</attributes>
         <usage_details>
         </usage_details>
      </memory_area>
      <memory_area display="yes" color="green">
         <name>PERIPHERALS_8BIT</name>
         <page_id>0x0</page_id>
         <origin>0x10</origin>
         <length>0xf0</length>
         <used_space>0x0</used_space>
         <unused_space>0xf0</unused_space>
         <attributes>RWIX</attributes>
         <usage_details>
         </usage_details>
      </memory_area>
      <memory_area display="yes" color="green">
         <name>PERIPHERALS_16BIT</name>
         <page_id>0x0</page_id>
         <origin>0x100</origin>
         <length>0x100</length>
         <used_space>0x0</used_space>
         <unused_space>0x100</unused_space>
         <attributes>RWIX</attributes>
         <usage_details>
         </usage_details>
      </memory_area>
      <memory_area display="yes" color="green">
         <name>INFOD</name>
         <page_id>0x0</page_id>
         <origin>0x1800</origin>
         <length>0x80</length>
         <used_space>0x0</used_space>
         <unused_space>0x80</unused_space>
         <attributes>RWIX</attributes>
         <usage_details>
         </usage_details>
      </memory_area>
      <memory_area display="yes" color="green">
         <name>INFOC</name>
         <page_id>0x0</page_id>
         <origin>0x1880</origin>
         <length>0x80</length>
         <used_space>0x0</used_space>
         <unused_space>0x80</unused_space>
         <attributes>RWIX</attributes>
         <usage_details>
         </usage_details>
      </memory_area>
      <memory_area display="yes" color="green">
         <name>INFOB</name>
         <page_id>0x0</page_id>
         <origin>0x1900</origin>
         <length>0x80</length>
         <used_space>0x0</used_space>
         <unused_space>0x80</unused_space>
         <attributes>RWIX</attributes>
         <usage_details>
         </usage_details>
      </memory_area>
      <memory_area display="yes" color="green">
         <name>INFOA</name>
         <page_id>0x0</page_id>
         <origin>0x1980</origin>
         <length>0x80</length>
         <used_space>0x0</used_space>
         <unused_space>0x80</unused_space>
         <attributes>RWIX</attributes>
         <usage_details>
         </usage_details>
      </memory_area>
      <memory_area display="yes" color="green">
         <name>RAM</name>
         <page_id>0x0</page_id>
         <origin>0x1c00</origin>
         <length>0xffe</length>
         <used_space>0x50</used_space>
         <unused_space>0xfae</unused_space>
         <attributes>RWIX</attributes>
         <usage_details>
            <available_space>
               <start_address>0x1c00</start_address>
               <size>0xfac</size>
            </available_space>
            <allocated_space>
               <start_address>0x2bac</start_address>
               <size>0x50</size>
               <logical_group_ref idref="lg-6"/>
            </allocated_space>
            <available_space>
               <start_address>0x2bfc</start_address>
               <size>0x2</size>
            </available_space>
         </usage_details>
      </memory_area>
      <memory_area display="yes" color="green">
         <name>FLASH</name>
         <page_id>0x0</page_id>
         <origin>0x8000</origin>
         <length>0x7f80</length>
         <used_space>0xa4</used_space>
         <unused_space>0x7edc</unused_space>
         <attributes>RWIX</attributes>
         <usage_details>
            <allocated_space>
               <start_address>0x8000</start_address>
               <size>0xa4</size>
               <logical_group_ref idref="lg-7"/>
            </allocated_space>
            <available_space>
               <start_address>0x80a4</start_address>
               <size>0x7edc</size>
            </available_space>
         </usage_details>
      </memory_area>
      <memory_area display="no" color="green">
         <name>INT00</name>
         <page_id>0x0</page_id>
         <origin>0xff80</origin>
         <length>0x2</length>
         <used_space>0x0</used_space>
         <unused_space>0x2</unused_space>
         <attributes>RWIX</attributes>
         <usage_details>
         </usage_details>
      </memory_area>
      <memory_area display="no" color="green">
         <name>INT01</name>
         <page_id>0x0</page_id>
         <origin>0xff82</origin>
         <length>0x2</length>
         <used_space>0x0</used_space>
         <unused_space>0x2</unused_space>
         <attributes>RWIX</attributes>
         <usage_details>
         </usage_details>
      </memory_area>
      <memory_area display="no" color="green">
         <name>INT02</name>
         <page_id>0x0</page_id>
         <origin>0xff84</origin>
         <length>0x2</length>
         <used_space>0x0</used_space>
         <unused_space>0x2</unused_space>
         <attributes>RWIX</attributes>
         <usage_details>
         </usage_details>
      </memory_area>
      <memory_area display="no" color="green">
         <name>INT03</name>
         <page_id>0x0</page_id>
         <origin>0xff86</origin>
         <length>0x2</length>
         <used_space>0x0</used_space>
         <unused_space>0x2</unused_space>
         <attributes>RWIX</attributes>
         <usage_details>
         </usage_details>
      </memory_area>
      <memory_area display="no" color="green">
         <name>INT04</name>
         <page_id>0x0</page_id>
         <origin>0xff88</origin>
         <length>0x2</length>
         <used_space>0x0</used_space>
         <unused_space>0x2</unused_space>
         <attributes>RWIX</attributes>
         <usage_details>
         </usage_details>
      </memory_area>
      <memory_area display="no" color="green">
         <name>INT05</name>
         <page_id>0x0</page_id>
         <origin>0xff8a</origin>
         <length>0x2</length>
         <used_space>0x0</used_space>
         <unused_space>0x2</unused_space>
         <attributes>RWIX</attributes>
         <usage_details>
         </usage_details>
      </memory_area>
      <memory_area display="no" color="green">
         <name>INT06</name>
         <page_id>0x0</page_id>
         <origin>0xff8c</origin>
         <length>0x2</length>
         <used_space>0x0</used_space>
         <unused_space>0x2</unused_space>
         <attributes>RWIX</attributes>
         <usage_details>
         </usage_details>
      </memory_area>
      <memory_area display="no" color="green">
         <name>INT07</name>
         <page_id>0x0</page_id>
         <origin>0xff8e</origin>
         <length>0x2</length>
         <used_space>0x0</used_space>
         <unused_space>0x2</unused_space>
         <attributes>RWIX</attributes>
         <usage_details>
         </usage_details>
      </memory_area>
      <memory_area display="no" color="green">
         <name>INT08</name>
         <page_id>0x0</page_id>
         <origin>0xff90</origin>
         <length>0x2</length>
         <used_space>0x0</used_space>
         <unused_space>0x2</unused_space>
         <attributes>RWIX</attributes>
         <usage_details>
         </usage_details>
      </memory_area>
      <memory_area display="no" color="green">
         <name>INT09</name>
         <page_id>0x0</page_id>
         <origin>0xff92</origin>
         <length>0x2</length>
         <used_space>0x0</used_space>
         <unused_space>0x2</unused_space>
         <attributes>RWIX</attributes>
         <usage_details>
         </usage_details>
      </memory_area>
      <memory_area display="no" color="green">
         <name>INT10</name>
         <page_id>0x0</page_id>
         <origin>0xff94</origin>
         <length>0x2</length>
         <used_space>0x0</used_space>
         <unused_space>0x2</unused_space>
         <attributes>RWIX</attributes>
         <usage_details>
         </usage_details>
      </memory_area>
      <memory_area display="no" color="green">
         <name>INT11</name>
         <page_id>0x0</page_id>
         <origin>0xff96</origin>
         <length>0x2</length>
         <used_space>0x0</used_space>
         <unused_space>0x2</unused_space>
         <attributes>RWIX</attributes>
         <usage_details>
         </usage_details>
      </memory_area>
      <memory_area display="no" color="green">
         <name>INT12</name>
         <page_id>0x0</page_id>
         <origin>0xff98</origin>
         <length>0x2</length>
         <used_space>0x0</used_space>
         <unused_space>0x2</unused_space>
         <attributes>RWIX</attributes>
         <usage_details>
         </usage_details>
      </memory_area>
      <memory_area display="no" color="green">
         <name>INT13</name>
         <page_id>0x0</page_id>
         <origin>0xff9a</origin>
         <length>0x2</length>
         <used_space>0x0</used_space>
         <unused_space>0x2</unused_space>
         <attributes>RWIX</attributes>
         <usage_details>
         </usage_details>
      </memory_area>
      <memory_area display="no" color="green">
         <name>INT14</name>
         <page_id>0x0</page_id>
         <origin>0xff9c</origin>
         <length>0x2</length>
         <used_space>0x0</used_space>
         <unused_space>0x2</unused_space>
         <attributes>RWIX</attributes>
         <usage_details>
         </usage_details>
      </memory_area>
      <memory_area display="no" color="green">
         <name>INT15</name>
         <page_id>0x0</page_id>
         <origin>0xff9e</origin>
         <length>0x2</length>
         <used_space>0x0</used_space>
         <unused_space>0x2</unused_space>
         <attributes>RWIX</attributes>
         <usage_details>
         </usage_details>
      </memory_area>
      <memory_area display="no" color="green">
         <name>INT16</name>
         <page_id>0x0</page_id>
         <origin>0xffa0</origin>
         <length>0x2</length>
         <used_space>0x0</used_space>
         <unused_space>0x2</unused_space>
         <attributes>RWIX</attributes>
         <usage_details>
         </usage_details>
      </memory_area>
      <memory_area display="no" color="green">
         <name>INT17</name>
         <page_id>0x0</page_id>
         <origin>0xffa2</origin>
         <length>0x2</length>
         <used_space>0x0</used_space>
         <unused_space>0x2</unused_space>
         <attributes>RWIX</attributes>
         <usage_details>
         </usage_details>
      </memory_area>
      <memory_area display="no" color="green">
         <name>INT18</name>
         <page_id>0x0</page_id>
         <origin>0xffa4</origin>
         <length>0x2</length>
         <used_space>0x0</used_space>
         <unused_space>0x2</unused_space>
         <attributes>RWIX</attributes>
         <usage_details>
         </usage_details>
      </memory_area>
      <memory_area display="no" color="green">
         <name>INT19</name>
         <page_id>0x0</page_id>
         <origin>0xffa6</origin>
         <length>0x2</length>
         <used_space>0x0</used_space>
         <unused_space>0x2</unused_space>
         <attributes>RWIX</attributes>
         <usage_details>
         </usage_details>
      </memory_area>
[...]
         <value>0x4b6</value>
      </symbol>
      <symbol id="sm-1eb">
         <name>RTCYEAR_H</name>
         <value>0x4b7</value>
      </symbol>
      <symbol id="sm-1ec">
         <name>RTCAMINHR</name>
         <value>0x4b8</value>
      </symbol>
      <symbol id="sm-1ed">
         <name>RTCAMINHR_L</name>
         <value>0x4b8</value>
      </symbol>
      <symbol id="sm-1ee">
         <name>RTCAMINHR_H</name>
         <value>0x4b9</value>
      </symbol>
      <symbol id="sm-1ef">
         <name>RTCADOWDAY</name>
         <value>0x4ba</value>
      </symbol>
      <symbol id="sm-1f0">
         <name>RTCADOWDAY_L</name>
         <value>0x4ba</value>
      </symbol>
      <symbol id="sm-1f1">
         <name>RTCADOWDAY_H</name>
         <value>0x4bb</value>
      </symbol>
      <symbol id="sm-1f2">
         <name>SFRIE1</name>
         <value>0x100</value>
      </symbol>
      <symbol id="sm-1f3">
         <name>SFRIE1_L</name>
         <value>0x100</value>
      </symbol>
      <symbol id="sm-1f4">
         <name>SFRIE1_H</name>
         <value>0x101</value>
      </symbol>
      <symbol id="sm-1f5">
         <name>SFRIFG1</name>
         <value>0x102</value>
      </symbol>
      <symbol id="sm-1f6">
         <name>SFRIFG1_L</name>
         <value>0x102</value>
      </symbol>
      <symbol id="sm-1f7">
         <name>SFRIFG1_H</name>
         <value>0x103</value>
      </symbol>
      <symbol id="sm-1f8">
         <name>SFRRPCR</name>
         <value>0x104</value>
      </symbol>
      <symbol id="sm-1f9">
         <name>SFRRPCR_L</name>
         <value>0x104</value>
      </symbol>
      <symbol id="sm-1fa">
         <name>SFRRPCR_H</name>
         <value>0x105</value>
      </symbol>
      <symbol id="sm-1fb">
         <name>SYSCTL</name>
         <value>0x180</value>
      </symbol>
      <symbol id="sm-1fc">
         <name>SYSCTL_L</name>
         <value>0x180</value>
      </symbol>
      <symbol id="sm-1fd">
         <name>SYSCTL_H</name>
         <value>0x181</value>
      </symbol>
      <symbol id="sm-1fe">
         <name>SYSBSLC</name>
         <value>0x182</value>
      </symbol>
      <symbol id="sm-1ff">
         <name>SYSBSLC_L</name>
         <value>0x182</value>
      </symbol>
      <symbol id="sm-200">
         <name>SYSBSLC_H</name>
         <value>0x183</value>
      </symbol>
      <symbol id="sm-201">
         <name>SYSJMBC</name>
         <value>0x186</value>
      </symbol>
      <symbol id="sm-202">
         <name>SYSJMBC_L</name>
         <value>0x186</value>
      </symbol>
      <symbol id="sm-203">
         <name>SYSJMBC_H</name>
         <value>0x187</value>
      </symbol>
      <symbol id="sm-204">
         <name>SYSJMBI0</name>
         <value>0x188</value>
      </symbol>
      <symbol id="sm-205">
         <name>SYSJMBI0_L</name>
         <value>0x188</value>
      </symbol>
      <symbol id="sm-206">
         <name>SYSJMBI0_H</name>
         <value>0x189</value>
      </symbol>
      <symbol id="sm-207">
         <name>SYSJMBI1</name>
         <value>0x18a</value>
      </symbol>
      <symbol id="sm-208">
         <name>SYSJMBI1_L</name>
         <value>0x18a</value>
      </symbol>
      <symbol id="sm-209">
         <name>SYSJMBI1_H</name>
         <value>0x18b</value>
      </symbol>
      <symbol id="sm-20a">
         <name>SYSJMBO0</name>
         <value>0x18c</value>
      </symbol>
      <symbol id="sm-20b">
         <name>SYSJMBO0_L</name>
         <value>0x18c</value>
      </symbol>
      <symbol id="sm-20c">
         <name>SYSJMBO0_H</name>
         <value>0x18d</value>
      </symbol>
      <symbol id="sm-20d">
         <name>SYSJMBO1</name>
         <value>0x18e</value>
      </symbol>
      <symbol id="sm-20e">
         <name>SYSJMBO1_L</name>
         <value>0x18e</value>
      </symbol>
      <symbol id="sm-20f">
         <name>SYSJMBO1_H</name>
         <value>0x18f</value>
      </symbol>
      <symbol id="sm-210">
         <name>SYSBERRIV</name>
         <value>0x198</value>
      </symbol>
      <symbol id="sm-211">
         <name>SYSBERRIV_L</name>
         <value>0x198</value>
      </symbol>
      <symbol id="sm-212">
         <name>SYSBERRIV_H</name>
         <value>0x199</value>
      </symbol>
      <symbol id="sm-213">
         <name>SYSUNIV</name>
         <value>0x19a</value>
      </symbol>
      <symbol id="sm-214">
         <name>SYSUNIV_L</name>
         <value>0x19a</value>
      </symbol>
      <symbol id="sm-215">
         <name>SYSUNIV_H</name>
         <value>0x19b</value>
      </symbol>
      <symbol id="sm-216">
         <name>SYSSNIV</name>
         <value>0x19c</value>
      </symbol>
      <symbol id="sm-217">
         <name>SYSSNIV_L</name>
         <value>0x19c</value>
      </symbol>
      <symbol id="sm-218">
         <name>SYSSNIV_H</name>
         <value>0x19d</value>
      </symbol>
      <symbol id="sm-219">
         <name>SYSRSTIV</name>
         <value>0x19e</value>
      </symbol>
      <symbol id="sm-21a">
         <name>SYSRSTIV_L</name>
         <value>0x19e</value>
      </symbol>
      <symbol id="sm-21b">
         <name>SYSRSTIV_H</name>
         <value>0x19f</value>
      </symbol>
      <symbol id="sm-21c">
         <name>TA0CTL</name>
         <value>0x340</value>
      </symbol>
      <symbol id="sm-21d">
         <name>TA0CCTL0</name>
         <value>0x342</value>
      </symbol>
      <symbol id="sm-21e">
         <name>TA0CCTL1</name>
         <value>0x344</value>
      </symbol>
      <symbol id="sm-21f">
         <name>TA0CCTL2</name>
         <value>0x346</value>
      </symbol>
      <symbol id="sm-220">
         <name>TA0CCTL3</name>
         <value>0x348</value>
      </symbol>
      <symbol id="sm-221">
         <name>TA0CCTL4</name>
         <value>0x34a</value>
      </symbol>
      <symbol id="sm-222">
         <name>TA0R</name>
         <value>0x350</value>
      </symbol>
      <symbol id="sm-223">
         <name>TA0CCR0</name>
         <value>0x352</value>
      </symbol>
      <symbol id="sm-224">
         <name>TA0CCR1</name>
         <value>0x354</value>
      </symbol>
      <symbol id="sm-225">
         <name>TA0CCR2</name>
         <value>0x356</value>
      </symbol>
      <symbol id="sm-226">
         <name>TA0CCR3</name>
         <value>0x358</value>
      </symbol>
      <symbol id="sm-227">
         <name>TA0CCR4</name>
         <value>0x35a</value>
      </symbol>
      <symbol id="sm-228">
         <name>TA0IV</name>
         <value>0x36e</value>
      </symbol>
      <symbol id="sm-229">
         <name>TA0EX0</name>
         <value>0x360</value>
      </symbol>
      <symbol id="sm-22a">
         <name>TA1CTL</name>
         <value>0x380</value>
      </symbol>
      <symbol id="sm-22b">
         <name>TA1CCTL0</name>
         <value>0x382</value>
      </symbol>
      <symbol id="sm-22c">
         <name>TA1CCTL1</name>
         <value>0x384</value>
      </symbol>
      <symbol id="sm-22d">
         <name>TA1CCTL2</name>
         <value>0x386</value>
      </symbol>
      <symbol id="sm-22e">
         <name>TA1R</name>
         <value>0x390</value>
      </symbol>
      <symbol id="sm-22f">
         <name>TA1CCR0</name>
         <value>0x392</value>
      </symbol>
      <symbol id="sm-230">
         <name>TA1CCR1</name>
         <value>0x394</value>
      </symbol>
      <symbol id="sm-231">
         <name>TA1CCR2</name>
         <value>0x396</value>
      </symbol>
      <symbol id="sm-232">
         <name>TA1IV</name>
         <value>0x3ae</value>
      </symbol>
      <symbol id="sm-233">
         <name>TA1EX0</name>
         <value>0x3a0</value>
      </symbol>
      <symbol id="sm-234">
         <name>UCSCTL0</name>
         <value>0x160</value>
      </symbol>
      <symbol id="sm-235">
         <name>UCSCTL0_L</name>
         <value>0x160</value>
      </symbol>
      <symbol id="sm-236">
         <name>UCSCTL0_H</name>
         <value>0x161</value>
      </symbol>
      <symbol id="sm-237">
         <name>UCSCTL1</name>
         <value>0x162</value>
      </symbol>
      <symbol id="sm-238">
         <name>UCSCTL1_L</name>
         <value>0x162</value>
      </symbol>
      <symbol id="sm-239">
         <name>UCSCTL1_H</name>
         <value>0x163</value>
      </symbol>
      <symbol id="sm-23a">
         <name>UCSCTL2</name>
         <value>0x164</value>
      </symbol>
      <symbol id="sm-23b">
         <name>UCSCTL2_L</name>
         <value>0x164</value>
      </symbol>
      <symbol id="sm-23c">
         <name>UCSCTL2_H</name>
         <value>0x165</value>
      </symbol>
      <symbol id="sm-23d">
         <name>UCSCTL3</name>
         <value>0x166</value>
      </symbol>
      <symbol id="sm-23e">
         <name>UCSCTL3_L</name>
         <value>0x166</value>
      </symbol>
      <symbol id="sm-23f">
         <name>UCSCTL3_H</name>
         <value>0x167</value>
      </symbol>
      <symbol id="sm-240">
         <name>UCSCTL4</name>
         <value>0x168</value>
      </symbol>
      <symbol id="sm-241">
         <name>UCSCTL4_L</name>
         <value>0x168</value>
      </symbol>
      <symbol id="sm-242">
         <name>UCSCTL4_H</name>
         <value>0x169</value>
      </symbol>
      <symbol id="sm-243">
         <name>UCSCTL5</name>
         <value>0x16a</value>
      </symbol>
      <symbol id="sm-244">
         <name>UCSCTL5_L</name>
         <value>0x16a</value>
      </symbol>
      <symbol id="sm-245">
         <name>UCSCTL5_H</name>
         <value>0x16b</value>
      </symbol>
      <symbol id="sm-246">
         <name>UCSCTL6</name>
         <value>0x16c</value>
      </symbol>
      <symbol id="sm-247">
         <name>UCSCTL6_L</name>
         <value>0x16c</value>
      </symbol>
      <symbol id="sm-248">
         <name>UCSCTL6_H</name>
         <value>0x16d</value>
      </symbol>
      <symbol id="sm-249">
         <name>UCSCTL7</name>
         <value>0x16e</value>
      </symbol>
      <symbol id="sm-24a">
         <name>UCSCTL7_L</name>
         <value>0x16e</value>
      </symbol>
      <symbol id="sm-24b">
         <name>UCSCTL7_H</name>
         <value>0x16f</value>
      </symbol>
      <symbol id="sm-24c">
         <name>UCSCTL8</name>
         <value>0x170</value>
      </symbol>
      <symbol id="sm-24d">
         <name>UCSCTL8_L</name>
         <value>0x170</value>
      </symbol>
      <symbol id="sm-24e">
         <name>UCSCTL8_H</name>
         <value>0x171</value>
      </symbol>
      <symbol id="sm-24f">
         <name>UCA0CTLW0</name>
         <value>0x5c0</value>
      </symbol>
      <symbol id="sm-250">
         <name>UCA0CTLW0_L</name>
         <value>0x5c0</value>
      </symbol>
      <symbol id="sm-251">
         <name>UCA0CTLW0_H</name>
         <value>0x5c1</value>
      </symbol>
      <symbol id="sm-252">
         <name>UCA0BRW</name>
         <value>0x5c6</value>
      </symbol>
      <symbol id="sm-253">
         <name>UCA0BRW_L</name>
         <value>0x5c6</value>
      </symbol>
      <symbol id="sm-254">
         <name>UCA0BRW_H</name>
         <value>0x5c7</value>
      </symbol>
      <symbol id="sm-255">
         <name>UCA0MCTL</name>
         <value>0x5c8</value>
      </symbol>
      <symbol id="sm-256">
         <name>UCA0STAT</name>
         <value>0x5ca</value>
      </symbol>
      <symbol id="sm-257">
         <name>UCA0RXBUF</name>
         <value>0x5cc</value>
      </symbol>
      <symbol id="sm-258">
         <name>UCA0TXBUF</name>
         <value>0x5ce</value>
      </symbol>
      <symbol id="sm-259">
         <name>UCA0ABCTL</name>
         <value>0x5d0</value>
      </symbol>
      <symbol id="sm-25a">
         <name>UCA0IRCTL</name>
         <value>0x5d2</value>
      </symbol>
      <symbol id="sm-25b">
         <name>UCA0IRCTL_L</name>
         <value>0x5d2</value>
      </symbol>
      <symbol id="sm-25c">
         <name>UCA0IRCTL_H</name>
         <value>0x5d3</value>
      </symbol>
      <symbol id="sm-25d">
         <name>UCA0ICTL</name>
         <value>0x5dc</value>
      </symbol>
      <symbol id="sm-25e">
         <name>UCA0ICTL_L</name>
         <value>0x5dc</value>
      </symbol>
      <symbol id="sm-25f">
         <name>UCA0ICTL_H</name>
         <value>0x5dd</value>
      </symbol>
      <symbol id="sm-260">
         <name>UCA0IV</name>
         <value>0x5de</value>
      </symbol>
      <symbol id="sm-261">
         <name>UCB0CTLW0</name>
         <value>0x5e0</value>
      </symbol>
      <symbol id="sm-262">
         <name>UCB0CTLW0_L</name>
         <value>0x5e0</value>
      </symbol>
      <symbol id="sm-263">
         <name>UCB0CTLW0_H</name>
         <value>0x5e1</value>
      </symbol>
      <symbol id="sm-264">
         <name>UCB0BRW</name>
         <value>0x5e6</value>
      </symbol>
      <symbol id="sm-265">
         <name>UCB0BRW_L</name>
         <value>0x5e6</value>
      </symbol>
      <symbol id="sm-266">
         <name>UCB0BRW_H</name>
         <value>0x5e7</value>
      </symbol>
      <symbol id="sm-267">
         <name>UCB0STAT</name>
         <value>0x5ea</value>
      </symbol>
      <symbol id="sm-268">
         <name>UCB0RXBUF</name>
         <value>0x5ec</value>
      </symbol>
      <symbol id="sm-269">
         <name>UCB0TXBUF</name>
         <value>0x5ee</value>
      </symbol>
      <symbol id="sm-26a">
         <name>UCB0I2COA</name>
         <value>0x5f0</value>
      </symbol>
      <symbol id="sm-26b">
         <name>UCB0I2COA_L</name>
         <value>0x5f0</value>
      </symbol>
      <symbol id="sm-26c">
         <name>UCB0I2COA_H</name>
         <value>0x5f1</value>
      </symbol>
      <symbol id="sm-26d">
         <name>UCB0I2CSA</name>
         <value>0x5f2</value>
      </symbol>
      <symbol id="sm-26e">
         <name>UCB0I2CSA_L</name>
         <value>0x5f2</value>
      </symbol>
      <symbol id="sm-26f">
         <name>UCB0I2CSA_H</name>
         <value>0x5f3</value>
      </symbol>
      <symbol id="sm-270">
         <name>UCB0ICTL</name>
         <value>0x5fc</value>
      </symbol>
      <symbol id="sm-271">
         <name>UCB0ICTL_L</name>
         <value>0x5fc</value>
      </symbol>
      <symbol id="sm-272">
         <name>UCB0ICTL_H</name>
         <value>0x5fd</value>
      </symbol>
      <symbol id="sm-273">
         <name>UCB0IV</name>
         <value>0x5fe</value>
      </symbol>
      <symbol id="sm-274">
         <name>WDTCTL</name>
         <value>0x15c</value>
      </symbol>
      <symbol id="sm-275">
         <name>WDTCTL_L</name>
         <value>0x15c</value>
      </symbol>
      <symbol id="sm-276">
         <name>WDTCTL_H</name>
         <value>0x15d</value>
      </symbol>
      <symbol id="sm-277">
         <name>binit</name>
         <value>0xffffffff</value>
      </symbol>
      <symbol id="sm-278">
         <name>__binit__</name>
         <value>0xffffffff</value>
      </symbol>
      <symbol id="sm-279">
         <name>__STACK_SIZE</name>
         <value>0x50</value>
      </symbol>
      <symbol id="sm-27a">
         <name>__STACK_END</name>
         <value>0x2bfc</value>
      </symbol>
      <symbol id="sm-27b">
         <name>__c_args__</name>
         <value>0xffffffff</value>
      </symbol>
      <symbol id="sm-2de">
         <name>main</name>
         <value>0x80a2</value>
         <object_component_ref idref="oc-10d"/>
      </symbol>
      <symbol id="sm-320">
         <name>_stack</name>
         <value>0x2bac</value>
         <object_component_ref idref="oc-c4"/>
      </symbol>
      <symbol id="sm-321">
         <name>_reset_vector</name>
         <value>0xfffe</value>
         <object_component_ref idref="oc-c7"/>
      </symbol>
      <symbol id="sm-32c">
         <name>_c_int00_noargs_noexit</name>
         <value>0x807a</value>
         <object_component_ref idref="oc-a0"/>
      </symbol>
      <symbol id="sm-33d">
         <name>C$$EXIT</name>
         <value>0x809e</value>
         <object_component_ref idref="oc-115"/>
      </symbol>
      <symbol id="sm-33e">
         <name>abort</name>
         <value>0x809e</value>
         <object_component_ref idref="oc-115"/>
      </symbol>
      <symbol id="sm-341">
         <name>__TI_int45</name>
         <value>0xffda</value>
         <object_component_ref idref="oc-71"/>
      </symbol>
      <symbol id="sm-344">
         <name>__TI_int46</name>
         <value>0xffdc</value>
         <object_component_ref idref="oc-72"/>
      </symbol>
      <symbol id="sm-347">
         <name>__TI_int48</name>
         <value>0xffe0</value>
         <object_component_ref idref="oc-73"/>
      </symbol>
      <symbol id="sm-34a">
         <name>__TI_int49</name>
         <value>0xffe2</value>
         <object_component_ref idref="oc-74"/>
      </symbol>
      <symbol id="sm-34d">
         <name>__TI_int50</name>
         <value>0xffe4</value>
         <object_component_ref idref="oc-75"/>
      </symbol>
      <symbol id="sm-350">
         <name>__TI_int51</name>
         <value>0xffe6</value>
         <object_component_ref idref="oc-76"/>
      </symbol>
      <symbol id="sm-353">
         <name>__TI_int52</name>
         <value>0xffe8</value>
         <object_component_ref idref="oc-77"/>
      </symbol>
      <symbol id="sm-356">
         <name>__TI_int53</name>
         <value>0xffea</value>
         <object_component_ref idref="oc-78"/>
      </symbol>
      <symbol id="sm-359">
         <name>__TI_int54</name>
         <value>0xffec</value>
         <object_component_ref idref="oc-79"/>
      </symbol>
      <symbol id="sm-35c">
         <name>__TI_int55</name>
         <value>0xffee</value>
         <object_component_ref idref="oc-7a"/>
      </symbol>
      <symbol id="sm-35f">
         <name>__TI_int56</name>
         <value>0xfff0</value>
         <object_component_ref idref="oc-7b"/>
      </symbol>
      <symbol id="sm-362">
         <name>__TI_int57</name>
         <value>0xfff2</value>
         <object_component_ref idref="oc-7c"/>
      </symbol>
      <symbol id="sm-365">
         <name>__TI_int58</name>
         <value>0xfff4</value>
         <object_component_ref idref="oc-7d"/>
      </symbol>
      <symbol id="sm-368">
         <name>__TI_int59</name>
         <value>0xfff6</value>
         <object_component_ref idref="oc-7e"/>
      </symbol>
      <symbol id="sm-36b">
         <name>__TI_int60</name>
         <value>0xfff8</value>
         <object_component_ref idref="oc-7f"/>
      </symbol>
      <symbol id="sm-36e">
         <name>__TI_int61</name>
         <value>0xfffa</value>
         <object_component_ref idref="oc-80"/>
      </symbol>
      <symbol id="sm-371">
         <name>__TI_int62</name>
         <value>0xfffc</value>
         <object_component_ref idref="oc-81"/>
      </symbol>
      <symbol id="sm-379">
         <name>__TI_ISR_TRAP</name>
         <value>0x8094</value>
         <object_component_ref idref="oc-e1"/>
      </symbol>
      <symbol id="sm-3bb">
         <name>_system_pre_init</name>
         <value>0x809a</value>
         <object_component_ref idref="oc-ed"/>
      </symbol>
      <symbol id="sm-3d8">
         <name>_auto_init_hold_wdt</name>
         <value>0x8000</value>
         <object_component_ref idref="oc-f3"/>
      </symbol>
      <symbol id="sm-3d9">
         <name>__TI_Handler_Table_Base</name>
         <value>0x0</value>
      </symbol>
      <symbol id="sm-3da">
         <name>__TI_Handler_Table_Limit</name>
         <value>0x0</value>
      </symbol>
      <symbol id="sm-3db">
         <name>__TI_CINIT_Base</name>
         <value>0x0</value>
      </symbol>
      <symbol id="sm-3dc">
         <name>__TI_CINIT_Limit</name>
         <value>0x0</value>
      </symbol>
      <symbol id="sm-3dd">
         <name>__TI_INITARRAY_Base</name>
         <value>0x0</value>
      </symbol>
      <symbol id="sm-3de">
         <name>__TI_INITARRAY_Limit</name>
         <value>0x0</value>
      </symbol>
   </symbol_table>
   <title>Link successful</title>
</link_info>
