<?xml version="1.0"?>
<link_info>
   <banner>MSP430 Linker PC v4.4.2</banner>
   <copyright>Copyright (c) 2003-2014 Texas Instruments Incorporated</copyright>
   <link_time>0x54d20760</link_time>
   <link_errors>0x0</link_errors>
   <output_file>node-demo-cc430.out</output_file>
   <entry_point>
      <name>_c_int00_noargs_noexit</name>
      <address>0x9162</address>
   </entry_point>
   <input_file_list>
      <input_file id="fl-2">
         <path>.\</path>
         <kind>object</kind>
         <file>main.obj</file>
         <name>main.obj</name>
      </input_file>
      <input_file id="fl-3">
         <path>.\</path>
         <kind>object</kind>
         <file>pin_mode.obj</file>
         <name>pin_mode.obj</name>
      </input_file>
      <input_file id="fl-4">
         <path>.\</path>
         <kind>object</kind>
         <file>pinchange_detect_algorithm.obj</file>
         <name>pinchange_detect_algorithm.obj</name>
      </input_file>
      <input_file id="fl-5">
         <path>.\driverlib\MSP430F5xx_6xx\</path>
         <kind>object</kind>
         <file>adc10_a.obj</file>
         <name>adc10_a.obj</name>
      </input_file>
      <input_file id="fl-6">
         <path>.\driverlib\MSP430F5xx_6xx\</path>
         <kind>object</kind>
         <file>adc12_a.obj</file>
         <name>adc12_a.obj</name>
      </input_file>
      <input_file id="fl-7">
         <path>.\driverlib\MSP430F5xx_6xx\</path>
         <kind>object</kind>
         <file>aes.obj</file>
         <name>aes.obj</name>
      </input_file>
      <input_file id="fl-8">
         <path>.\driverlib\MSP430F5xx_6xx\</path>
         <kind>object</kind>
         <file>battbak.obj</file>
         <name>battbak.obj</name>
      </input_file>
      <input_file id="fl-9">
         <path>.\driverlib\MSP430F5xx_6xx\</path>
         <kind>object</kind>
         <file>comp_b.obj</file>
         <name>comp_b.obj</name>
      </input_file>
      <input_file id="fl-a">
         <path>.\driverlib\MSP430F5xx_6xx\</path>
         <kind>object</kind>
         <file>crc.obj</file>
         <name>crc.obj</name>
      </input_file>
      <input_file id="fl-b">
         <path>.\driverlib\MSP430F5xx_6xx\</path>
         <kind>object</kind>
         <file>dac12_a.obj</file>
         <name>dac12_a.obj</name>
      </input_file>
      <input_file id="fl-c">
         <path>.\driverlib\MSP430F5xx_6xx\</path>
         <kind>object</kind>
         <file>dma.obj</file>
         <name>dma.obj</name>
      </input_file>
      <input_file id="fl-d">
         <path>.\driverlib\MSP430F5xx_6xx\</path>
         <kind>object</kind>
         <file>eusci_a_spi.obj</file>
         <name>eusci_a_spi.obj</name>
      </input_file>
      <input_file id="fl-e">
         <path>.\driverlib\MSP430F5xx_6xx\</path>
         <kind>object</kind>
         <file>eusci_a_uart.obj</file>
         <name>eusci_a_uart.obj</name>
      </input_file>
      <input_file id="fl-f">
         <path>.\driverlib\MSP430F5xx_6xx\</path>
         <kind>object</kind>
         <file>eusci_b_i2c.obj</file>
         <name>eusci_b_i2c.obj</name>
      </input_file>
      <input_file id="fl-10">
         <path>.\driverlib\MSP430F5xx_6xx\</path>
         <kind>object</kind>
         <file>eusci_b_spi.obj</file>
         <name>eusci_b_spi.obj</name>
      </input_file>
      <input_file id="fl-11">
         <path>.\driverlib\MSP430F5xx_6xx\</path>
         <kind>object</kind>
         <file>eusci_i2c.obj</file>
         <name>eusci_i2c.obj</name>
      </input_file>
      <input_file id="fl-12">
         <path>.\driverlib\MSP430F5xx_6xx\</path>
         <kind>object</kind>
         <file>eusci_spi.obj</file>
         <name>eusci_spi.obj</name>
      </input_file>
      <input_file id="fl-13">
         <path>.\driverlib\MSP430F5xx_6xx\</path>
         <kind>object</kind>
         <file>eusci_uart.obj</file>
         <name>eusci_uart.obj</name>
      </input_file>
      <input_file id="fl-14">
         <path>.\driverlib\MSP430F5xx_6xx\</path>
         <kind>object</kind>
         <file>flashctl.obj</file>
         <name>flashctl.obj</name>
      </input_file>
      <input_file id="fl-15">
         <path>.\driverlib\MSP430F5xx_6xx\</path>
         <kind>object</kind>
         <file>gpio.obj</file>
         <name>gpio.obj</name>
      </input_file>
      <input_file id="fl-16">
         <path>.\driverlib\MSP430F5xx_6xx\</path>
         <kind>object</kind>
         <file>ldopwr.obj</file>
         <name>ldopwr.obj</name>
      </input_file>
      <input_file id="fl-17">
         <path>.\driverlib\MSP430F5xx_6xx\</path>
         <kind>object</kind>
         <file>mpy32.obj</file>
         <name>mpy32.obj</name>
      </input_file>
      <input_file id="fl-18">
         <path>.\driverlib\MSP430F5xx_6xx\</path>
         <kind>object</kind>
         <file>pmap.obj</file>
         <name>pmap.obj</name>
      </input_file>
      <input_file id="fl-19">
         <path>.\driverlib\MSP430F5xx_6xx\</path>
         <kind>object</kind>
         <file>pmm.obj</file>
         <name>pmm.obj</name>
      </input_file>
      <input_file id="fl-1a">
         <path>.\driverlib\MSP430F5xx_6xx\</path>
         <kind>object</kind>
         <file>ram.obj</file>
         <name>ram.obj</name>
      </input_file>
      <input_file id="fl-1b">
         <path>.\driverlib\MSP430F5xx_6xx\</path>
         <kind>object</kind>
         <file>ref.obj</file>
         <name>ref.obj</name>
      </input_file>
      <input_file id="fl-1c">
         <path>.\driverlib\MSP430F5xx_6xx\</path>
         <kind>object</kind>
         <file>rtc_a.obj</file>
         <name>rtc_a.obj</name>
      </input_file>
      <input_file id="fl-1d">
         <path>.\driverlib\MSP430F5xx_6xx\</path>
         <kind>object</kind>
         <file>rtc_b.obj</file>
         <name>rtc_b.obj</name>
      </input_file>
      <input_file id="fl-1e">
         <path>.\driverlib\MSP430F5xx_6xx\</path>
         <kind>object</kind>
         <file>rtc_c.obj</file>
         <name>rtc_c.obj</name>
      </input_file>
      <input_file id="fl-1f">
         <path>.\driverlib\MSP430F5xx_6xx\</path>
         <kind>object</kind>
         <file>sd24_b.obj</file>
         <name>sd24_b.obj</name>
      </input_file>
      <input_file id="fl-20">
         <path>.\driverlib\MSP430F5xx_6xx\</path>
         <kind>object</kind>
         <file>sfr.obj</file>
         <name>sfr.obj</name>
      </input_file>
      <input_file id="fl-21">
         <path>.\driverlib\MSP430F5xx_6xx\</path>
         <kind>object</kind>
         <file>sysctl.obj</file>
         <name>sysctl.obj</name>
      </input_file>
      <input_file id="fl-22">
         <path>.\driverlib\MSP430F5xx_6xx\</path>
         <kind>object</kind>
         <file>tec.obj</file>
         <name>tec.obj</name>
      </input_file>
      <input_file id="fl-23">
         <path>.\driverlib\MSP430F5xx_6xx\</path>
         <kind>object</kind>
         <file>timer_a.obj</file>
         <name>timer_a.obj</name>
      </input_file>
      <input_file id="fl-24">
         <path>.\driverlib\MSP430F5xx_6xx\</path>
         <kind>object</kind>
         <file>timer_b.obj</file>
         <name>timer_b.obj</name>
      </input_file>
      <input_file id="fl-25">
         <path>.\driverlib\MSP430F5xx_6xx\</path>
         <kind>object</kind>
         <file>timer_d.obj</file>
         <name>timer_d.obj</name>
      </input_file>
      <input_file id="fl-26">
         <path>.\driverlib\MSP430F5xx_6xx\</path>
         <kind>object</kind>
         <file>tlv.obj</file>
         <name>tlv.obj</name>
      </input_file>
      <input_file id="fl-27">
         <path>.\driverlib\MSP430F5xx_6xx\</path>
         <kind>object</kind>
         <file>ucs.obj</file>
         <name>ucs.obj</name>
      </input_file>
      <input_file id="fl-28">
         <path>.\driverlib\MSP430F5xx_6xx\</path>
         <kind>object</kind>
         <file>usci_a_spi.obj</file>
         <name>usci_a_spi.obj</name>
      </input_file>
      <input_file id="fl-29">
         <path>.\driverlib\MSP430F5xx_6xx\</path>
         <kind>object</kind>
         <file>usci_a_uart.obj</file>
         <name>usci_a_uart.obj</name>
      </input_file>
      <input_file id="fl-2a">
         <path>.\driverlib\MSP430F5xx_6xx\</path>
         <kind>object</kind>
         <file>usci_b_i2c.obj</file>
         <name>usci_b_i2c.obj</name>
      </input_file>
      <input_file id="fl-2b">
         <path>.\driverlib\MSP430F5xx_6xx\</path>
         <kind>object</kind>
         <file>usci_b_spi.obj</file>
         <name>usci_b_spi.obj</name>
      </input_file>
      <input_file id="fl-2c">
         <path>.\driverlib\MSP430F5xx_6xx\</path>
         <kind>object</kind>
         <file>usci_i2c.obj</file>
         <name>usci_i2c.obj</name>
      </input_file>
      <input_file id="fl-2d">
         <path>.\driverlib\MSP430F5xx_6xx\</path>
         <kind>object</kind>
         <file>usci_spi.obj</file>
         <name>usci_spi.obj</name>
      </input_file>
      <input_file id="fl-2e">
         <path>.\driverlib\MSP430F5xx_6xx\</path>
         <kind>object</kind>
         <file>usci_uart.obj</file>
         <name>usci_uart.obj</name>
      </input_file>
      <input_file id="fl-2f">
         <path>.\driverlib\MSP430F5xx_6xx\</path>
         <kind>object</kind>
         <file>wdt_a.obj</file>
         <name>wdt_a.obj</name>
      </input_file>
      <input_file id="fl-30">
         <path>.\driverlib\MSP430F5xx_6xx\deprecated\</path>
         <kind>object</kind>
         <file>dma.obj</file>
         <name>dma.obj</name>
      </input_file>
      <input_file id="fl-31">
         <path>.\driverlib\MSP430F5xx_6xx\deprecated\</path>
         <kind>object</kind>
         <file>flashctl.obj</file>
         <name>flashctl.obj</name>
      </input_file>
      <input_file id="fl-32">
         <path>.\driverlib\MSP430F5xx_6xx\deprecated\</path>
         <kind>object</kind>
         <file>mpy32.obj</file>
         <name>mpy32.obj</name>
      </input_file>
      <input_file id="fl-33">
         <path>.\driverlib\MSP430F5xx_6xx\deprecated\</path>
         <kind>object</kind>
         <file>pmm.obj</file>
         <name>pmm.obj</name>
      </input_file>
      <input_file id="fl-34">
         <path>.\driverlib\MSP430F5xx_6xx\deprecated\</path>
         <kind>object</kind>
         <file>ram.obj</file>
         <name>ram.obj</name>
      </input_file>
      <input_file id="fl-35">
         <path>.\driverlib\MSP430F5xx_6xx\deprecated\</path>
         <kind>object</kind>
         <file>sfr.obj</file>
         <name>sfr.obj</name>
      </input_file>
      <input_file id="fl-36">
         <path>.\driverlib\MSP430F5xx_6xx\deprecated\</path>
         <kind>object</kind>
         <file>sysctl.obj</file>
         <name>sysctl.obj</name>
      </input_file>
      <input_file id="fl-37">
         <path>.\driverlib\MSP430F5xx_6xx\deprecated\</path>
         <kind>object</kind>
         <file>ucs.obj</file>
         <name>ucs.obj</name>
      </input_file>
      <input_file id="fl-67">
         <path>C:\Apps\TI\ccsv6\tools\compiler\ti-cgt-msp430_4.4.2\lib\</path>
         <kind>archive</kind>
         <file>rts430x_lc_sd_eabi.lib</file>
         <name>addd.obj</name>
      </input_file>
      <input_file id="fl-68">
         <path>C:\Apps\TI\ccsv6\tools\compiler\ti-cgt-msp430_4.4.2\lib\</path>
         <kind>archive</kind>
         <file>rts430x_lc_sd_eabi.lib</file>
         <name>boot.obj</name>
      </input_file>
      <input_file id="fl-69">
         <path>C:\Apps\TI\ccsv6\tools\compiler\ti-cgt-msp430_4.4.2\lib\</path>
         <kind>archive</kind>
         <file>rts430x_lc_sd_eabi.lib</file>
         <name>boot_special.obj</name>
      </input_file>
      <input_file id="fl-6a">
         <path>C:\Apps\TI\ccsv6\tools\compiler\ti-cgt-msp430_4.4.2\lib\</path>
         <kind>archive</kind>
         <file>rts430x_lc_sd_eabi.lib</file>
         <name>copy_decompress_none.obj</name>
      </input_file>
      <input_file id="fl-6b">
         <path>C:\Apps\TI\ccsv6\tools\compiler\ti-cgt-msp430_4.4.2\lib\</path>
         <kind>archive</kind>
         <file>rts430x_lc_sd_eabi.lib</file>
         <name>copy_decompress_rle.obj</name>
      </input_file>
      <input_file id="fl-6c">
         <path>C:\Apps\TI\ccsv6\tools\compiler\ti-cgt-msp430_4.4.2\lib\</path>
         <kind>archive</kind>
         <file>rts430x_lc_sd_eabi.lib</file>
         <name>copy_zero_init.obj</name>
      </input_file>
      <input_file id="fl-6d">
         <path>C:\Apps\TI\ccsv6\tools\compiler\ti-cgt-msp430_4.4.2\lib\</path>
         <kind>archive</kind>
         <file>rts430x_lc_sd_eabi.lib</file>
         <name>cpy_util.obj</name>
      </input_file>
      <input_file id="fl-6e">
         <path>C:\Apps\TI\ccsv6\tools\compiler\ti-cgt-msp430_4.4.2\lib\</path>
         <kind>archive</kind>
         <file>rts430x_lc_sd_eabi.lib</file>
         <name>div32u.obj</name>
      </input_file>
      <input_file id="fl-6f">
         <path>C:\Apps\TI\ccsv6\tools\compiler\ti-cgt-msp430_4.4.2\lib\</path>
         <kind>archive</kind>
         <file>rts430x_lc_sd_eabi.lib</file>
         <name>exit.obj</name>
      </input_file>
      <input_file id="fl-70">
         <path>C:\Apps\TI\ccsv6\tools\compiler\ti-cgt-msp430_4.4.2\lib\</path>
         <kind>archive</kind>
         <file>rts430x_lc_sd_eabi.lib</file>
         <name>fixdu.obj</name>
      </input_file>
      <input_file id="fl-71">
         <path>C:\Apps\TI\ccsv6\tools\compiler\ti-cgt-msp430_4.4.2\lib\</path>
         <kind>archive</kind>
         <file>rts430x_lc_sd_eabi.lib</file>
         <name>fltuld.obj</name>
      </input_file>
      <input_file id="fl-72">
         <path>C:\Apps\TI\ccsv6\tools\compiler\ti-cgt-msp430_4.4.2\lib\</path>
         <kind>archive</kind>
         <file>rts430x_lc_sd_eabi.lib</file>
         <name>frcaddd.obj</name>
      </input_file>
      <input_file id="fl-73">
         <path>C:\Apps\TI\ccsv6\tools\compiler\ti-cgt-msp430_4.4.2\lib\</path>
         <kind>archive</kind>
         <file>rts430x_lc_sd_eabi.lib</file>
         <name>fs_cmp.obj</name>
      </input_file>
      <input_file id="fl-74">
         <path>C:\Apps\TI\ccsv6\tools\compiler\ti-cgt-msp430_4.4.2\lib\</path>
         <kind>archive</kind>
         <file>rts430x_lc_sd_eabi.lib</file>
         <name>fs_utof.obj</name>
      </input_file>
      <input_file id="fl-75">
         <path>C:\Apps\TI\ccsv6\tools\compiler\ti-cgt-msp430_4.4.2\lib\</path>
         <kind>archive</kind>
         <file>rts430x_lc_sd_eabi.lib</file>
         <name>int45.obj</name>
      </input_file>
      <input_file id="fl-76">
         <path>C:\Apps\TI\ccsv6\tools\compiler\ti-cgt-msp430_4.4.2\lib\</path>
         <kind>archive</kind>
         <file>rts430x_lc_sd_eabi.lib</file>
         <name>int46.obj</name>
      </input_file>
      <input_file id="fl-77">
         <path>C:\Apps\TI\ccsv6\tools\compiler\ti-cgt-msp430_4.4.2\lib\</path>
         <kind>archive</kind>
         <file>rts430x_lc_sd_eabi.lib</file>
         <name>int49.obj</name>
      </input_file>
      <input_file id="fl-78">
         <path>C:\Apps\TI\ccsv6\tools\compiler\ti-cgt-msp430_4.4.2\lib\</path>
         <kind>archive</kind>
         <file>rts430x_lc_sd_eabi.lib</file>
         <name>int50.obj</name>
      </input_file>
      <input_file id="fl-79">
         <path>C:\Apps\TI\ccsv6\tools\compiler\ti-cgt-msp430_4.4.2\lib\</path>
         <kind>archive</kind>
         <file>rts430x_lc_sd_eabi.lib</file>
         <name>int51.obj</name>
      </input_file>
      <input_file id="fl-7a">
         <path>C:\Apps\TI\ccsv6\tools\compiler\ti-cgt-msp430_4.4.2\lib\</path>
         <kind>archive</kind>
         <file>rts430x_lc_sd_eabi.lib</file>
         <name>int52.obj</name>
      </input_file>
      <input_file id="fl-7b">
         <path>C:\Apps\TI\ccsv6\tools\compiler\ti-cgt-msp430_4.4.2\lib\</path>
         <kind>archive</kind>
         <file>rts430x_lc_sd_eabi.lib</file>
         <name>int53.obj</name>
      </input_file>
      <input_file id="fl-7c">
         <path>C:\Apps\TI\ccsv6\tools\compiler\ti-cgt-msp430_4.4.2\lib\</path>
         <kind>archive</kind>
         <file>rts430x_lc_sd_eabi.lib</file>
         <name>int56.obj</name>
      </input_file>
      <input_file id="fl-7d">
         <path>C:\Apps\TI\ccsv6\tools\compiler\ti-cgt-msp430_4.4.2\lib\</path>
         <kind>archive</kind>
         <file>rts430x_lc_sd_eabi.lib</file>
         <name>int57.obj</name>
      </input_file>
      <input_file id="fl-7e">
         <path>C:\Apps\TI\ccsv6\tools\compiler\ti-cgt-msp430_4.4.2\lib\</path>
         <kind>archive</kind>
         <file>rts430x_lc_sd_eabi.lib</file>
         <name>int58.obj</name>
      </input_file>
      <input_file id="fl-7f">
         <path>C:\Apps\TI\ccsv6\tools\compiler\ti-cgt-msp430_4.4.2\lib\</path>
         <kind>archive</kind>
         <file>rts430x_lc_sd_eabi.lib</file>
         <name>int59.obj</name>
      </input_file>
      <input_file id="fl-80">
         <path>C:\Apps\TI\ccsv6\tools\compiler\ti-cgt-msp430_4.4.2\lib\</path>
         <kind>archive</kind>
         <file>rts430x_lc_sd_eabi.lib</file>
         <name>int60.obj</name>
      </input_file>
      <input_file id="fl-81">
         <path>C:\Apps\TI\ccsv6\tools\compiler\ti-cgt-msp430_4.4.2\lib\</path>
         <kind>archive</kind>
         <file>rts430x_lc_sd_eabi.lib</file>
         <name>int61.obj</name>
      </input_file>
      <input_file id="fl-82">
         <path>C:\Apps\TI\ccsv6\tools\compiler\ti-cgt-msp430_4.4.2\lib\</path>
         <kind>archive</kind>
         <file>rts430x_lc_sd_eabi.lib</file>
         <name>int62.obj</name>
      </input_file>
      <input_file id="fl-83">
         <path>C:\Apps\TI\ccsv6\tools\compiler\ti-cgt-msp430_4.4.2\lib\</path>
         <kind>archive</kind>
         <file>rts430x_lc_sd_eabi.lib</file>
         <name>isr_trap.obj</name>
      </input_file>
      <input_file id="fl-84">
         <path>C:\Apps\TI\ccsv6\tools\compiler\ti-cgt-msp430_4.4.2\lib\</path>
         <kind>archive</kind>
         <file>rts430x_lc_sd_eabi.lib</file>
         <name>_lock.obj</name>
      </input_file>
      <input_file id="fl-85">
         <path>C:\Apps\TI\ccsv6\tools\compiler\ti-cgt-msp430_4.4.2\lib\</path>
         <kind>archive</kind>
         <file>rts430x_lc_sd_eabi.lib</file>
         <name>lsl16.obj</name>
      </input_file>
      <input_file id="fl-86">
         <path>C:\Apps\TI\ccsv6\tools\compiler\ti-cgt-msp430_4.4.2\lib\</path>
         <kind>archive</kind>
         <file>rts430x_lc_sd_eabi.lib</file>
         <name>lsl32.obj</name>
      </input_file>
      <input_file id="fl-87">
         <path>C:\Apps\TI\ccsv6\tools\compiler\ti-cgt-msp430_4.4.2\lib\</path>
         <kind>archive</kind>
         <file>rts430x_lc_sd_eabi.lib</file>
         <name>lsr32.obj</name>
      </input_file>
      <input_file id="fl-88">
         <path>C:\Apps\TI\ccsv6\tools\compiler\ti-cgt-msp430_4.4.2\lib\</path>
         <kind>archive</kind>
         <file>rts430x_lc_sd_eabi.lib</file>
         <name>memcpy.obj</name>
      </input_file>
      <input_file id="fl-89">
         <path>C:\Apps\TI\ccsv6\tools\compiler\ti-cgt-msp430_4.4.2\lib\</path>
         <kind>archive</kind>
         <file>rts430x_lc_sd_eabi.lib</file>
         <name>mpu_init.obj</name>
      </input_file>
      <input_file id="fl-8a">
         <path>C:\Apps\TI\ccsv6\tools\compiler\ti-cgt-msp430_4.4.2\lib\</path>
         <kind>archive</kind>
         <file>rts430x_lc_sd_eabi.lib</file>
         <name>mult1632_f5hw.obj</name>
      </input_file>
      <input_file id="fl-8b">
         <path>C:\Apps\TI\ccsv6\tools\compiler\ti-cgt-msp430_4.4.2\lib\</path>
         <kind>archive</kind>
         <file>rts430x_lc_sd_eabi.lib</file>
         <name>mult16_f5hw.obj</name>
      </input_file>
      <input_file id="fl-8c">
         <path>C:\Apps\TI\ccsv6\tools\compiler\ti-cgt-msp430_4.4.2\lib\</path>
         <kind>archive</kind>
         <file>rts430x_lc_sd_eabi.lib</file>
         <name>mult3264_f5hw.obj</name>
      </input_file>
      <input_file id="fl-8d">
         <path>C:\Apps\TI\ccsv6\tools\compiler\ti-cgt-msp430_4.4.2\lib\</path>
         <kind>archive</kind>
         <file>rts430x_lc_sd_eabi.lib</file>
         <name>mult32_f5hw.obj</name>
      </input_file>
      <input_file id="fl-8e">
         <path>C:\Apps\TI\ccsv6\tools\compiler\ti-cgt-msp430_4.4.2\lib\</path>
         <kind>archive</kind>
         <file>rts430x_lc_sd_eabi.lib</file>
         <name>mult64_f5hw.obj</name>
      </input_file>
      <input_file id="fl-8f">
         <path>C:\Apps\TI\ccsv6\tools\compiler\ti-cgt-msp430_4.4.2\lib\</path>
         <kind>archive</kind>
         <file>rts430x_lc_sd_eabi.lib</file>
         <name>pre_init.obj</name>
      </input_file>
      <input_file id="fl-90">
         <path>C:\Apps\TI\ccsv6\tools\compiler\ti-cgt-msp430_4.4.2\lib\</path>
         <kind>archive</kind>
         <file>rts430x_lc_sd_eabi.lib</file>
         <name>renormd.obj</name>
      </input_file>
      <input_file id="fl-91">
         <path>C:\Apps\TI\ccsv6\tools\compiler\ti-cgt-msp430_4.4.2\lib\</path>
         <kind>archive</kind>
         <file>rts430x_lc_sd_eabi.lib</file>
         <name>args_main.obj</name>
      </input_file>
      <input_file id="fl-92">
         <path>C:\Apps\TI\ccsv6\tools\compiler\ti-cgt-msp430_4.4.2\lib\</path>
         <kind>archive</kind>
         <file>rts430x_lc_sd_eabi.lib</file>
         <name>asr32.obj</name>
      </input_file>
      <input_file id="fl-93">
         <path>C:\Apps\TI\ccsv6\tools\compiler\ti-cgt-msp430_4.4.2\lib\</path>
         <kind>archive</kind>
         <file>rts430x_lc_sd_eabi.lib</file>
         <name>autoinit_wdt.obj</name>
      </input_file>
      <input_file id="fl-94">
         <path>C:\Apps\TI\ccsv6\tools\compiler\ti-cgt-msp430_4.4.2\lib\</path>
         <kind>archive</kind>
         <file>rts430x_lc_sd_eabi.lib</file>
         <name>fixdul.obj</name>
      </input_file>
   </input_file_list>
   <object_component_list>
      <object_component id="oc-201">
         <name>.common:detected_clicks</name>
         <uninitialized>true</uninitialized>
         <run_address>0x1c10</run_address>
         <size>0x1</size>
      </object_component>
      <object_component id="oc-21a">
         <name>.common:ticks_array</name>
         <uninitialized>true</uninitialized>
         <run_address>0x1c00</run_address>
         <size>0x10</size>
      </object_component>
      <object_component id="oc-c4">
         <name>.stack</name>
         <uninitialized>true</uninitialized>
         <run_address>0x2bac</run_address>
         <size>0x2</size>
         <input_file_ref idref="fl-68"/>
      </object_component>
      <object_component id="oc-37c">
         <name>.stack</name>
         <uninitialized>true</uninitialized>
         <run_address>0x2bac</run_address>
         <size>0x0</size>
      </object_component>
      <object_component id="oc-1e9">
         <name>.text:__mspabi_addd</name>
         <load_address>0x8000</load_address>
         <run_address>0x8000</run_address>
         <size>0x2d6</size>
         <input_file_ref idref="fl-67"/>
      </object_component>
      <object_component id="oc-283">
         <name>.text:__TI_frcaddd</name>
         <load_address>0x82d6</load_address>
         <run_address>0x82d6</run_address>
         <size>0x252</size>
         <input_file_ref idref="fl-72"/>
      </object_component>
      <object_component id="oc-167">
         <name>.text:full_timeout</name>
         <load_address>0x8528</load_address>
         <run_address>0x8528</run_address>
         <size>0x140</size>
         <input_file_ref idref="fl-4"/>
      </object_component>
      <object_component id="oc-147">
         <name>.text:initial_detect</name>
         <load_address>0x8668</load_address>
         <run_address>0x8668</run_address>
         <size>0xf0</size>
         <input_file_ref idref="fl-4"/>
      </object_component>
      <object_component id="oc-23d">
         <name>.text:PMM_setVCoreUp</name>
         <load_address>0x8758</load_address>
         <run_address>0x8758</run_address>
         <size>0xe0</size>
         <input_file_ref idref="fl-19"/>
      </object_component>
      <object_component id="oc-d4">
         <name>.text:__TI_decompress_rle_core</name>
         <load_address>0x8838</load_address>
         <run_address>0x8838</run_address>
         <size>0xd6</size>
         <input_file_ref idref="fl-6b"/>
      </object_component>
      <object_component id="oc-2e5">
         <name>.text:__TI_renormd</name>
         <load_address>0x890e</load_address>
         <run_address>0x890e</run_address>
         <size>0xb2</size>
         <input_file_ref idref="fl-90"/>
      </object_component>
      <object_component id="oc-243">
         <name>.text:PMM_setVCoreDown</name>
         <load_address>0x89c0</load_address>
         <run_address>0x89c0</run_address>
         <size>0xa2</size>
         <input_file_ref idref="fl-19"/>
      </object_component>
      <object_component id="oc-259">
         <name>.text:click_timer_init</name>
         <load_address>0x8a62</load_address>
         <run_address>0x8a62</run_address>
         <size>0x80</size>
         <input_file_ref idref="fl-3"/>
      </object_component>
      <object_component id="oc-105">
         <name>.text:_auto_init_hold_wdt</name>
         <load_address>0x8ae2</load_address>
         <run_address>0x8ae2</run_address>
         <size>0x7a</size>
         <input_file_ref idref="fl-93"/>
      </object_component>
      <object_component id="oc-1e3">
         <name>.text:__mspabi_fltuld</name>
         <load_address>0x8b5c</load_address>
         <run_address>0x8b5c</run_address>
         <size>0x76</size>
         <input_file_ref idref="fl-71"/>
      </object_component>
      <object_component id="oc-28b">
         <name>.text:__mspabi_fixdul</name>
         <load_address>0x8bd2</load_address>
         <run_address>0x8bd2</run_address>
         <size>0x68</size>
         <input_file_ref idref="fl-94"/>
      </object_component>
      <object_component id="oc-154">
         <name>.text:short_timeout</name>
         <load_address>0x8c3a</load_address>
         <run_address>0x8c3a</run_address>
         <size>0x68</size>
         <input_file_ref idref="fl-4"/>
      </object_component>
      <object_component id="oc-2c2">
         <name>.text:Timer_A_initUpMode</name>
         <load_address>0x8ca2</load_address>
         <run_address>0x8ca2</run_address>
         <size>0x5c</size>
         <input_file_ref idref="fl-23"/>
      </object_component>
      <object_component id="oc-1cc">
         <name>.text</name>
         <load_address>0x8cfe</load_address>
         <run_address>0x8cfe</run_address>
         <size>0x4a</size>
         <input_file_ref idref="fl-73"/>
      </object_component>
      <object_component id="oc-20b">
         <name>.text:disable_timers</name>
         <load_address>0x8d48</load_address>
         <run_address>0x8d48</run_address>
         <size>0x42</size>
         <input_file_ref idref="fl-4"/>
      </object_component>
      <object_component id="oc-18f">
         <name>.text:PMM_setVCore</name>
         <load_address>0x8d8a</load_address>
         <run_address>0x8d8a</run_address>
         <size>0x40</size>
         <input_file_ref idref="fl-19"/>
      </object_component>
      <object_component id="oc-2b6">
         <name>.text:Timer_A_initContinuousMode</name>
         <load_address>0x8dca</load_address>
         <run_address>0x8dca</run_address>
         <size>0x40</size>
         <input_file_ref idref="fl-23"/>
      </object_component>
      <object_component id="oc-c8">
         <name>.text:__memcpy_far</name>
         <load_address>0x8e0a</load_address>
         <run_address>0x8e0a</run_address>
         <size>0x40</size>
         <input_file_ref idref="fl-6d"/>
      </object_component>
      <object_component id="oc-195">
         <name>.text:set_clock_12mhz</name>
         <load_address>0x8e4a</load_address>
         <run_address>0x8e4a</run_address>
         <size>0x40</size>
         <input_file_ref idref="fl-2"/>
      </object_component>
      <object_component id="oc-82">
         <name>.text:decompress:ZI:__TI_zero_init</name>
         <load_address>0x8e8a</load_address>
         <run_address>0x8e8a</run_address>
         <size>0x3e</size>
         <input_file_ref idref="fl-6c"/>
      </object_component>
      <object_component id="oc-272">
         <name>.text:l_lsl_const</name>
         <load_address>0x8ec8</load_address>
         <run_address>0x8ec8</run_address>
         <size>0x3e</size>
         <input_file_ref idref="fl-86"/>
      </object_component>
      <object_component id="oc-277">
         <name>.text:l_lsr_const</name>
         <load_address>0x8f06</load_address>
         <run_address>0x8f06</run_address>
         <size>0x3e</size>
         <input_file_ref idref="fl-87"/>
      </object_component>
      <object_component id="oc-65">
         <name>.text:decompress:none:__TI_decompress_none</name>
         <load_address>0x8f44</load_address>
         <run_address>0x8f44</run_address>
         <size>0x3c</size>
         <input_file_ref idref="fl-6a"/>
      </object_component>
      <object_component id="oc-253">
         <name>.text:edge_counter_init</name>
         <load_address>0x8f80</load_address>
         <run_address>0x8f80</run_address>
         <size>0x36</size>
         <input_file_ref idref="fl-3"/>
      </object_component>
      <object_component id="oc-11f">
         <name>.text:main</name>
         <load_address>0x8fb6</load_address>
         <run_address>0x8fb6</run_address>
         <size>0x30</size>
         <input_file_ref idref="fl-2"/>
      </object_component>
      <object_component id="oc-2c8">
         <name>.text:Timer_A_initCompareMode</name>
         <load_address>0x8fe6</load_address>
         <run_address>0x8fe6</run_address>
         <size>0x2e</size>
         <input_file_ref idref="fl-23"/>
      </object_component>
      <object_component id="oc-19b">
         <name>.text:set_ports_lowpower</name>
         <load_address>0x9014</load_address>
         <run_address>0x9014</run_address>
         <size>0x2e</size>
         <input_file_ref idref="fl-2"/>
      </object_component>
      <object_component id="oc-ec">
         <name>.text:_isr:TIMER0_A1_ISR</name>
         <load_address>0x9042</load_address>
         <run_address>0x9042</run_address>
         <size>0x28</size>
         <input_file_ref idref="fl-3"/>
      </object_component>
      <object_component id="oc-e6">
         <name>.text:_isr:Port_2</name>
         <load_address>0x906a</load_address>
         <run_address>0x906a</run_address>
         <size>0x24</size>
         <input_file_ref idref="fl-3"/>
      </object_component>
      <object_component id="oc-1c7">
         <name>.text</name>
         <load_address>0x908e</load_address>
         <run_address>0x908e</run_address>
         <size>0x24</size>
         <input_file_ref idref="fl-74"/>
      </object_component>
      <object_component id="oc-f2">
         <name>.text:_isr:TIMER0_A0_ISR</name>
         <load_address>0x90b2</load_address>
         <run_address>0x90b2</run_address>
         <size>0x22</size>
         <input_file_ref idref="fl-3"/>
      </object_component>
      <object_component id="oc-2a0">
         <name>.text:GPIO_interruptEdgeSelect</name>
         <load_address>0x90d4</load_address>
         <run_address>0x90d4</run_address>
         <size>0x20</size>
         <input_file_ref idref="fl-15"/>
      </object_component>
      <object_component id="oc-1d1">
         <name>.text:GPIO_setAsInputPin</name>
         <load_address>0x90f4</load_address>
         <run_address>0x90f4</run_address>
         <size>0x1e</size>
         <input_file_ref idref="fl-15"/>
      </object_component>
      <object_component id="oc-24d">
         <name>.text:edge_detect_init</name>
         <load_address>0x9112</load_address>
         <run_address>0x9112</run_address>
         <size>0x1c</size>
         <input_file_ref idref="fl-3"/>
      </object_component>
      <object_component id="oc-1a1">
         <name>.text:GPIO_setAsOutputPin</name>
         <load_address>0x912e</load_address>
         <run_address>0x912e</run_address>
         <size>0x1a</size>
         <input_file_ref idref="fl-15"/>
      </object_component>
      <object_component id="oc-1be">
         <name>.text:GPIO_setAsPeripheralModuleFunctionInputPin</name>
         <load_address>0x9148</load_address>
         <run_address>0x9148</run_address>
         <size>0x1a</size>
         <input_file_ref idref="fl-15"/>
      </object_component>
      <object_component id="oc-a0">
         <name>.text:_isr:_c_int00_noargs_noexit</name>
         <load_address>0x9162</load_address>
         <run_address>0x9162</run_address>
         <size>0x1a</size>
         <input_file_ref idref="fl-69"/>
      </object_component>
      <object_component id="oc-141">
         <name>.text:GPIO_getInterruptStatus</name>
         <load_address>0x917c</load_address>
         <run_address>0x917c</run_address>
         <size>0x18</size>
         <input_file_ref idref="fl-15"/>
      </object_component>
      <object_component id="oc-189">
         <name>.text:WDT_A_hold</name>
         <load_address>0x9194</load_address>
         <run_address>0x9194</run_address>
         <size>0x18</size>
         <input_file_ref idref="fl-2f"/>
      </object_component>
      <object_component id="oc-1ad">
         <name>.text:sleep_handler</name>
         <load_address>0x91ac</load_address>
         <run_address>0x91ac</run_address>
         <size>0x18</size>
         <input_file_ref idref="fl-3"/>
      </object_component>
      <object_component id="oc-14d">
         <name>.text:GPIO_clearInterruptFlag</name>
         <load_address>0x91c4</load_address>
         <run_address>0x91c4</run_address>
         <size>0x16</size>
         <input_file_ref idref="fl-15"/>
      </object_component>
      <object_component id="oc-2a6">
         <name>.text:GPIO_enableInterrupt</name>
         <load_address>0x91da</load_address>
         <run_address>0x91da</run_address>
         <size>0x16</size>
         <input_file_ref idref="fl-15"/>
      </object_component>
      <object_component id="oc-1ef">
         <name>.text:__mspabi_fixdu</name>
         <load_address>0x91f0</load_address>
         <run_address>0x91f0</run_address>
         <size>0x12</size>
         <input_file_ref idref="fl-70"/>
      </object_component>
      <object_component id="oc-2b0">
         <name>.text:memcpy</name>
         <load_address>0x9202</load_address>
         <run_address>0x9202</run_address>
         <size>0x12</size>
         <input_file_ref idref="fl-88"/>
      </object_component>
      <object_component id="oc-2e0">
         <name>.text:l_asr</name>
         <load_address>0x9214</load_address>
         <run_address>0x9214</run_address>
         <size>0x10</size>
         <input_file_ref idref="fl-92"/>
      </object_component>
      <object_component id="oc-2d6">
         <name>.text:l_lsl</name>
         <load_address>0x9224</load_address>
         <run_address>0x9224</run_address>
         <size>0x10</size>
         <input_file_ref idref="fl-86"/>
      </object_component>
      <object_component id="oc-2db">
         <name>.text:l_lsr</name>
         <load_address>0x9234</load_address>
         <run_address>0x9234</run_address>
         <size>0x10</size>
         <input_file_ref idref="fl-87"/>
      </object_component>
      <object_component id="oc-6b">
         <name>.text:decompress:rle24:__TI_decompress_rle24</name>
         <load_address>0x9244</load_address>
         <run_address>0x9244</run_address>
         <size>0xe</size>
         <input_file_ref idref="fl-6b"/>
      </object_component>
      <object_component id="oc-1a7">
         <name>.text:pin_mode_init</name>
         <load_address>0x9252</load_address>
         <run_address>0x9252</run_address>
         <size>0xe</size>
         <input_file_ref idref="fl-3"/>
      </object_component>
      <object_component id="oc-1d7">
         <name>.text:Timer_A_stop</name>
         <load_address>0x9260</load_address>
         <run_address>0x9260</run_address>
         <size>0xc</size>
         <input_file_ref idref="fl-23"/>
      </object_component>
      <object_component id="oc-260">
         <name>.text:get_detect_active</name>
         <load_address>0x926c</load_address>
         <run_address>0x926c</run_address>
         <size>0xc</size>
         <input_file_ref idref="fl-4"/>
      </object_component>
      <object_component id="oc-1f5">
         <name>.text:Timer_A_enableCaptureCompareInterrupt</name>
         <load_address>0x9278</load_address>
         <run_address>0x9278</run_address>
         <size>0xa</size>
         <input_file_ref idref="fl-23"/>
      </object_component>
      <object_component id="oc-214">
         <name>.text:record_call</name>
         <load_address>0x9282</load_address>
         <run_address>0x9282</run_address>
         <size>0xa</size>
         <input_file_ref idref="fl-4"/>
      </object_component>
      <object_component id="oc-15a">
         <name>.text:Timer_A_clearCaptureCompareInterruptFlag</name>
         <load_address>0x928c</load_address>
         <run_address>0x928c</run_address>
         <size>0x8</size>
         <input_file_ref idref="fl-23"/>
      </object_component>
      <object_component id="oc-1dd">
         <name>.text:Timer_A_setCompareValue</name>
         <load_address>0x9294</load_address>
         <run_address>0x9294</run_address>
         <size>0x8</size>
         <input_file_ref idref="fl-23"/>
      </object_component>
      <object_component id="oc-160">
         <name>.text:Timer_A_clearTimerInterruptFlag</name>
         <load_address>0x929c</load_address>
         <run_address>0x929c</run_address>
         <size>0x6</size>
         <input_file_ref idref="fl-23"/>
      </object_component>
      <object_component id="oc-1fb">
         <name>.text:Timer_A_startCounter</name>
         <load_address>0x92a2</load_address>
         <run_address>0x92a2</run_address>
         <size>0x6</size>
         <input_file_ref idref="fl-23"/>
      </object_component>
      <object_component id="oc-e1">
         <name>.text:_isr:__TI_ISR_TRAP</name>
         <load_address>0x92a8</load_address>
         <run_address>0x92a8</run_address>
         <size>0x6</size>
         <input_file_ref idref="fl-83"/>
      </object_component>
      <object_component id="oc-ff">
         <name>.text:_system_pre_init</name>
         <load_address>0x92ae</load_address>
         <run_address>0x92ae</run_address>
         <size>0x4</size>
         <input_file_ref idref="fl-8f"/>
      </object_component>
      <object_component id="oc-127">
         <name>.text:abort</name>
         <load_address>0x92b2</load_address>
         <run_address>0x92b2</run_address>
         <size>0x4</size>
         <input_file_ref idref="fl-6f"/>
      </object_component>
      <object_component id="oc-378">
         <name>__TI_handler_table</name>
         <load_address>0x92f2</load_address>
         <run_address>0x92f2</run_address>
         <size>0xc</size>
      </object_component>
      <object_component id="oc-37b">
         <name>.cinit..data.load</name>
         <load_address>0x92fe</load_address>
         <run_address>0x92fe</run_address>
         <size>0x9</size>
      </object_component>
      <object_component id="oc-37a">
         <name>.cinit..bss.load</name>
         <load_address>0x9308</load_address>
         <run_address>0x9308</run_address>
         <size>0x6</size>
      </object_component>
      <object_component id="oc-379">
         <name>__TI_cinit_table</name>
         <load_address>0x930e</load_address>
         <run_address>0x930e</run_address>
         <size>0x10</size>
      </object_component>
      <object_component id="oc-2ad">
         <name>.const</name>
         <load_address>0x92b6</load_address>
         <run_address>0x92b6</run_address>
         <size>0x20</size>
         <input_file_ref idref="fl-3"/>
      </object_component>
      <object_component id="oc-1b5">
         <name>.const:GPIO_PORT_TO_BASE</name>
         <load_address>0x92d6</load_address>
         <run_address>0x92d6</run_address>
         <size>0x1c</size>
         <input_file_ref idref="fl-15"/>
      </object_component>
      <object_component id="oc-71">
         <name>.int45</name>
         <load_address>0xffda</load_address>
         <run_address>0xffda</run_address>
         <size>0x2</size>
         <input_file_ref idref="fl-75"/>
      </object_component>
      <object_component id="oc-72">
         <name>.int46</name>
         <load_address>0xffdc</load_address>
         <run_address>0xffdc</run_address>
         <size>0x2</size>
         <input_file_ref idref="fl-76"/>
      </object_component>
      <object_component id="oc-73">
         <name>.int48</name>
         <load_address>0xffe0</load_address>
         <run_address>0xffe0</run_address>
         <size>0x2</size>
         <input_file_ref idref="fl-3"/>
      </object_component>
      <object_component id="oc-74">
         <name>.int49</name>
         <load_address>0xffe2</load_address>
         <run_address>0xffe2</run_address>
         <size>0x2</size>
         <input_file_ref idref="fl-77"/>
      </object_component>
      <object_component id="oc-75">
         <name>.int50</name>
         <load_address>0xffe4</load_address>
         <run_address>0xffe4</run_address>
         <size>0x2</size>
         <input_file_ref idref="fl-78"/>
      </object_component>
      <object_component id="oc-76">
         <name>.int51</name>
         <load_address>0xffe6</load_address>
         <run_address>0xffe6</run_address>
         <size>0x2</size>
         <input_file_ref idref="fl-79"/>
      </object_component>
      <object_component id="oc-77">
         <name>.int52</name>
         <load_address>0xffe8</load_address>
         <run_address>0xffe8</run_address>
         <size>0x2</size>
         <input_file_ref idref="fl-7a"/>
      </object_component>
      <object_component id="oc-78">
         <name>.int53</name>
         <load_address>0xffea</load_address>
         <run_address>0xffea</run_address>
         <size>0x2</size>
         <input_file_ref idref="fl-7b"/>
      </object_component>
      <object_component id="oc-79">
         <name>.int54</name>
         <load_address>0xffec</load_address>
         <run_address>0xffec</run_address>
         <size>0x2</size>
         <input_file_ref idref="fl-3"/>
      </object_component>
      <object_component id="oc-7a">
         <name>.int55</name>
         <load_address>0xffee</load_address>
         <run_address>0xffee</run_address>
         <size>0x2</size>
         <input_file_ref idref="fl-3"/>
      </object_component>
      <object_component id="oc-7b">
         <name>.int56</name>
         <load_address>0xfff0</load_address>
         <run_address>0xfff0</run_address>
         <size>0x2</size>
         <input_file_ref idref="fl-7c"/>
      </object_component>
      <object_component id="oc-7c">
         <name>.int57</name>
         <load_address>0xfff2</load_address>
         <run_address>0xfff2</run_address>
         <size>0x2</size>
         <input_file_ref idref="fl-7d"/>
      </object_component>
      <object_component id="oc-7d">
         <name>.int58</name>
         <load_address>0xfff4</load_address>
         <run_address>0xfff4</run_address>
         <size>0x2</size>
         <input_file_ref idref="fl-7e"/>
      </object_component>
      <object_component id="oc-7e">
         <name>.int59</name>
         <load_address>0xfff6</load_address>
         <run_address>0xfff6</run_address>
         <size>0x2</size>
         <input_file_ref idref="fl-7f"/>
      </object_component>
      <object_component id="oc-7f">
         <name>.int60</name>
         <load_address>0xfff8</load_address>
         <run_address>0xfff8</run_address>
         <size>0x2</size>
         <input_file_ref idref="fl-80"/>
      </object_component>
      <object_component id="oc-80">
         <name>.int61</name>
         <load_address>0xfffa</load_address>
         <run_address>0xfffa</run_address>
         <size>0x2</size>
         <input_file_ref idref="fl-81"/>
      </object_component>
      <object_component id="oc-81">
         <name>.int62</name>
         <load_address>0xfffc</load_address>
         <run_address>0xfffc</run_address>
         <size>0x2</size>
         <input_file_ref idref="fl-82"/>
      </object_component>
      <object_component id="oc-c7">
         <name>.reset</name>
         <load_address>0xfffe</load_address>
         <run_address>0xfffe</run_address>
         <size>0x2</size>
         <input_file_ref idref="fl-68"/>
      </object_component>
      <object_component id="oc-1c4">
         <name>.data</name>
         <load_address>0x1c12</load_address>
         <run_address>0x1c12</run_address>
         <size>0x6</size>
         <input_file_ref idref="fl-4"/>
      </object_component>
      <object_component id="oc-196">
         <name>.debug_info</name>
         <load_address>0x0</load_address>
         <run_address>0x0</run_address>
         <size>0x108</size>
         <input_file_ref idref="fl-2"/>
      </object_component>
      <object_component id="oc-19c">
         <name>.debug_info</name>
         <load_address>0x108</load_address>
         <run_address>0x108</run_address>
         <size>0x10e</size>
         <input_file_ref idref="fl-2"/>
      </object_component>
      <object_component id="oc-120">
         <name>.debug_info</name>
         <load_address>0x216</load_address>
         <run_address>0x216</run_address>
         <size>0x182</size>
         <input_file_ref idref="fl-2"/>
      </object_component>
      <object_component id="oc-2bd">
         <name>.debug_info</name>
         <load_address>0x398</load_address>
         <run_address>0x398</run_address>
         <size>0x392</size>
         <input_file_ref idref="fl-2"/>
      </object_component>
      <object_component id="oc-205">
         <name>.debug_info</name>
         <load_address>0x72a</load_address>
         <run_address>0x72a</run_address>
         <size>0x8b</size>
         <input_file_ref idref="fl-2"/>
      </object_component>
      <object_component id="oc-1b9">
         <name>.debug_info</name>
         <load_address>0x7b5</load_address>
         <run_address>0x7b5</run_address>
         <size>0x18b</size>
         <input_file_ref idref="fl-2"/>
      </object_component>
      <object_component id="oc-2f7">
         <name>.debug_info</name>
         <load_address>0x940</load_address>
         <run_address>0x940</run_address>
         <size>0x576</size>
         <input_file_ref idref="fl-3"/>
      </object_component>
      <object_component id="oc-2ae">
         <name>.debug_info</name>
         <load_address>0xeb6</load_address>
         <run_address>0xeb6</run_address>
         <size>0x10e</size>
         <input_file_ref idref="fl-3"/>
      </object_component>
      <object_component id="oc-1a8">
         <name>.debug_info</name>
         <load_address>0xfc4</load_address>
         <run_address>0xfc4</run_address>
         <size>0x157</size>
         <input_file_ref idref="fl-3"/>
      </object_component>
      <object_component id="oc-254">
         <name>.debug_info</name>
         <load_address>0x111b</load_address>
         <run_address>0x111b</run_address>
         <size>0x16e</size>
         <input_file_ref idref="fl-3"/>
      </object_component>
      <object_component id="oc-24e">
         <name>.debug_info</name>
         <load_address>0x1289</load_address>
         <run_address>0x1289</run_address>
         <size>0x169</size>
         <input_file_ref idref="fl-3"/>
      </object_component>
      <object_component id="oc-25a">
         <name>.debug_info</name>
         <load_address>0x13f2</load_address>
         <run_address>0x13f2</run_address>
         <size>0x1b0</size>
         <input_file_ref idref="fl-3"/>
      </object_component>
      <object_component id="oc-1ae">
         <name>.debug_info</name>
         <load_address>0x15a2</load_address>
         <run_address>0x15a2</run_address>
         <size>0x129</size>
         <input_file_ref idref="fl-3"/>
      </object_component>
      <object_component id="oc-e7">
         <name>.debug_info</name>
         <load_address>0x16cb</load_address>
         <run_address>0x16cb</run_address>
         <size>0x155</size>
         <input_file_ref idref="fl-3"/>
      </object_component>
      <object_component id="oc-f3">
         <name>.debug_info</name>
         <load_address>0x1820</load_address>
         <run_address>0x1820</run_address>
         <size>0x17a</size>
         <input_file_ref idref="fl-3"/>
      </object_component>
      <object_component id="oc-ed">
         <name>.debug_info</name>
         <load_address>0x199a</load_address>
         <run_address>0x199a</run_address>
         <size>0x17b</size>
         <input_file_ref idref="fl-3"/>
      </object_component>
      <object_component id="oc-202">
         <name>.debug_info</name>
         <load_address>0x1b15</load_address>
         <run_address>0x1b15</run_address>
         <size>0x484</size>
         <input_file_ref idref="fl-4"/>
      </object_component>
      <object_component id="oc-1c5">
         <name>.debug_info</name>
         <load_address>0x1f99</load_address>
         <run_address>0x1f99</run_address>
         <size>0x13e</size>
         <input_file_ref idref="fl-4"/>
      </object_component>
      <object_component id="oc-261">
         <name>.debug_info</name>
         <load_address>0x20d7</load_address>
         <run_address>0x20d7</run_address>
         <size>0x153</size>
         <input_file_ref idref="fl-4"/>
      </object_component>
      <object_component id="oc-148">
         <name>.debug_info</name>
         <load_address>0x222a</load_address>
         <run_address>0x222a</run_address>
         <size>0x346</size>
         <input_file_ref idref="fl-4"/>
      </object_component>
      <object_component id="oc-155">
         <name>.debug_info</name>
         <load_address>0x2570</load_address>
         <run_address>0x2570</run_address>
         <size>0x1d4</size>
         <input_file_ref idref="fl-4"/>
      </object_component>
      <object_component id="oc-168">
         <name>.debug_info</name>
         <load_address>0x2744</load_address>
         <run_address>0x2744</run_address>
         <size>0x2c8</size>
         <input_file_ref idref="fl-4"/>
      </object_component>
      <object_component id="oc-20c">
         <name>.debug_info</name>
         <load_address>0x2a0c</load_address>
         <run_address>0x2a0c</run_address>
         <size>0x20e</size>
         <input_file_ref idref="fl-4"/>
      </object_component>
      <object_component id="oc-215">
         <name>.debug_info</name>
         <load_address>0x2c1a</load_address>
         <run_address>0x2c1a</run_address>
         <size>0x145</size>
         <input_file_ref idref="fl-4"/>
      </object_component>
      <object_component id="oc-135">
         <name>.debug_info</name>
         <load_address>0x2d5f</load_address>
         <run_address>0x2d5f</run_address>
         <size>0x84</size>
         <input_file_ref idref="fl-5"/>
      </object_component>
      <object_component id="oc-269">
         <name>.debug_info</name>
         <load_address>0x2de3</load_address>
         <run_address>0x2de3</run_address>
         <size>0x15c</size>
         <input_file_ref idref="fl-15"/>
      </object_component>
      <object_component id="oc-1b6">
         <name>.debug_info</name>
         <load_address>0x2f3f</load_address>
         <run_address>0x2f3f</run_address>
         <size>0xfb</size>
         <input_file_ref idref="fl-15"/>
      </object_component>
      <object_component id="oc-1a3">
         <name>.debug_info</name>
         <load_address>0x303a</load_address>
         <run_address>0x303a</run_address>
         <size>0x1ff</size>
         <input_file_ref idref="fl-15"/>
      </object_component>
      <object_component id="oc-1d3">
         <name>.debug_info</name>
         <load_address>0x3239</load_address>
         <run_address>0x3239</run_address>
         <size>0x1fd</size>
         <input_file_ref idref="fl-15"/>
      </object_component>
      <object_component id="oc-1c0">
         <name>.debug_info</name>
         <load_address>0x3436</load_address>
         <run_address>0x3436</run_address>
         <size>0x22d</size>
         <input_file_ref idref="fl-15"/>
      </object_component>
      <object_component id="oc-2a8">
         <name>.debug_info</name>
         <load_address>0x3663</load_address>
         <run_address>0x3663</run_address>
         <size>0x204</size>
         <input_file_ref idref="fl-15"/>
      </object_component>
      <object_component id="oc-143">
         <name>.debug_info</name>
         <load_address>0x3867</load_address>
         <run_address>0x3867</run_address>
         <size>0x20e</size>
         <input_file_ref idref="fl-15"/>
      </object_component>
      <object_component id="oc-14f">
         <name>.debug_info</name>
         <load_address>0x3a75</load_address>
         <run_address>0x3a75</run_address>
         <size>0x20a</size>
         <input_file_ref idref="fl-15"/>
      </object_component>
      <object_component id="oc-2a2">
         <name>.debug_info</name>
         <load_address>0x3c7f</load_address>
         <run_address>0x3c7f</run_address>
         <size>0x246</size>
         <input_file_ref idref="fl-15"/>
      </object_component>
      <object_component id="oc-23e">
         <name>.debug_info</name>
         <load_address>0x3ec5</load_address>
         <run_address>0x3ec5</run_address>
         <size>0x1f7</size>
         <input_file_ref idref="fl-19"/>
      </object_component>
      <object_component id="oc-244">
         <name>.debug_info</name>
         <load_address>0x40bc</load_address>
         <run_address>0x40bc</run_address>
         <size>0x1fb</size>
         <input_file_ref idref="fl-19"/>
      </object_component>
      <object_component id="oc-190">
         <name>.debug_info</name>
         <load_address>0x42b7</load_address>
         <run_address>0x42b7</run_address>
         <size>0x1d2</size>
         <input_file_ref idref="fl-19"/>
      </object_component>
      <object_component id="oc-300">
         <name>.debug_info</name>
         <load_address>0x4489</load_address>
         <run_address>0x4489</run_address>
         <size>0x18e</size>
         <input_file_ref idref="fl-23"/>
      </object_component>
      <object_component id="oc-1fc">
         <name>.debug_info</name>
         <load_address>0x4617</load_address>
         <run_address>0x4617</run_address>
         <size>0x1db</size>
         <input_file_ref idref="fl-23"/>
      </object_component>
      <object_component id="oc-2b7">
         <name>.debug_info</name>
         <load_address>0x47f2</load_address>
         <run_address>0x47f2</run_address>
         <size>0x1d7</size>
         <input_file_ref idref="fl-23"/>
      </object_component>
      <object_component id="oc-2c3">
         <name>.debug_info</name>
         <load_address>0x49c9</load_address>
         <run_address>0x49c9</run_address>
         <size>0x1c7</size>
         <input_file_ref idref="fl-23"/>
      </object_component>
      <object_component id="oc-2c9">
         <name>.debug_info</name>
         <load_address>0x4b90</load_address>
         <run_address>0x4b90</run_address>
         <size>0x1d4</size>
         <input_file_ref idref="fl-23"/>
      </object_component>
      <object_component id="oc-1f6">
         <name>.debug_info</name>
         <load_address>0x4d64</load_address>
         <run_address>0x4d64</run_address>
         <size>0x215</size>
         <input_file_ref idref="fl-23"/>
      </object_component>
      <object_component id="oc-1d8">
         <name>.debug_info</name>
         <load_address>0x4f79</load_address>
         <run_address>0x4f79</run_address>
         <size>0x198</size>
         <input_file_ref idref="fl-23"/>
      </object_component>
      <object_component id="oc-1de">
         <name>.debug_info</name>
         <load_address>0x5111</load_address>
         <run_address>0x5111</run_address>
         <size>0x21f</size>
         <input_file_ref idref="fl-23"/>
      </object_component>
      <object_component id="oc-161">
         <name>.debug_info</name>
         <load_address>0x5330</load_address>
         <run_address>0x5330</run_address>
         <size>0x1be</size>
         <input_file_ref idref="fl-23"/>
      </object_component>
      <object_component id="oc-15b">
         <name>.debug_info</name>
         <load_address>0x54ee</load_address>
         <run_address>0x54ee</run_address>
         <size>0x21b</size>
         <input_file_ref idref="fl-23"/>
      </object_component>
      <object_component id="oc-18b">
         <name>.debug_info</name>
         <load_address>0x5709</load_address>
         <run_address>0x5709</run_address>
         <size>0x1ac</size>
         <input_file_ref idref="fl-2f"/>
      </object_component>
      <object_component id="oc-28a">
         <name>.debug_info</name>
         <load_address>0x58b5</load_address>
         <run_address>0x58b5</run_address>
         <size>0x1fa</size>
         <input_file_ref idref="fl-67"/>
      </object_component>
      <object_component id="oc-1eb">
         <name>.debug_info</name>
         <load_address>0x5aaf</load_address>
         <run_address>0x5aaf</run_address>
         <size>0x20a</size>
         <input_file_ref idref="fl-67"/>
      </object_component>
      <object_component id="oc-27e">
         <name>.debug_info</name>
         <load_address>0x5cb9</load_address>
         <run_address>0x5cb9</run_address>
         <size>0x94</size>
         <input_file_ref idref="fl-67"/>
      </object_component>
      <object_component id="oc-c5">
         <name>.debug_info</name>
         <load_address>0x5d4d</load_address>
         <run_address>0x5d4d</run_address>
         <size>0xd8</size>
         <input_file_ref idref="fl-68"/>
      </object_component>
      <object_component id="oc-a3">
         <name>.debug_info</name>
         <load_address>0x5e25</load_address>
         <run_address>0x5e25</run_address>
         <size>0x179</size>
         <input_file_ref idref="fl-69"/>
      </object_component>
      <object_component id="oc-d3">
         <name>.debug_info</name>
         <load_address>0x5f9e</load_address>
         <run_address>0x5f9e</run_address>
         <size>0x1b2</size>
         <input_file_ref idref="fl-6a"/>
      </object_component>
      <object_component id="oc-66">
         <name>.debug_info</name>
         <load_address>0x6150</load_address>
         <run_address>0x6150</run_address>
         <size>0x1e2</size>
         <input_file_ref idref="fl-6a"/>
      </object_component>
      <object_component id="oc-ce">
         <name>.debug_info</name>
         <load_address>0x6332</load_address>
         <run_address>0x6332</run_address>
         <size>0x46</size>
         <input_file_ref idref="fl-6a"/>
      </object_component>
      <object_component id="oc-db">
         <name>.debug_info</name>
         <load_address>0x6378</load_address>
         <run_address>0x6378</run_address>
         <size>0x1b7</size>
         <input_file_ref idref="fl-6b"/>
      </object_component>
      <object_component id="oc-d5">
         <name>.debug_info</name>
         <load_address>0x652f</load_address>
         <run_address>0x652f</run_address>
         <size>0x2a3</size>
         <input_file_ref idref="fl-6b"/>
      </object_component>
      <object_component id="oc-6c">
         <name>.debug_info</name>
         <load_address>0x67d2</load_address>
         <run_address>0x67d2</run_address>
         <size>0x1d5</size>
         <input_file_ref idref="fl-6b"/>
      </object_component>
      <object_component id="oc-dc">
         <name>.debug_info</name>
         <load_address>0x69a7</load_address>
         <run_address>0x69a7</run_address>
         <size>0x39</size>
         <input_file_ref idref="fl-6b"/>
      </object_component>
      <object_component id="oc-fe">
         <name>.debug_info</name>
         <load_address>0x69e0</load_address>
         <run_address>0x69e0</run_address>
         <size>0x1ad</size>
         <input_file_ref idref="fl-6c"/>
      </object_component>
      <object_component id="oc-85">
         <name>.debug_info</name>
         <load_address>0x6b8d</load_address>
         <run_address>0x6b8d</run_address>
         <size>0x1b1</size>
         <input_file_ref idref="fl-6c"/>
      </object_component>
      <object_component id="oc-f9">
         <name>.debug_info</name>
         <load_address>0x6d3e</load_address>
         <run_address>0x6d3e</run_address>
         <size>0x46</size>
         <input_file_ref idref="fl-6c"/>
      </object_component>
      <object_component id="oc-ca">
         <name>.debug_info</name>
         <load_address>0x6d84</load_address>
         <run_address>0x6d84</run_address>
         <size>0xfb</size>
         <input_file_ref idref="fl-6d"/>
      </object_component>
      <object_component id="oc-128">
         <name>.debug_info</name>
         <load_address>0x6e7f</load_address>
         <run_address>0x6e7f</run_address>
         <size>0xfa</size>
         <input_file_ref idref="fl-6f"/>
      </object_component>
      <object_component id="oc-292">
         <name>.debug_info</name>
         <load_address>0x6f79</load_address>
         <run_address>0x6f79</run_address>
         <size>0x1b8</size>
         <input_file_ref idref="fl-70"/>
      </object_component>
      <object_component id="oc-1f3">
         <name>.debug_info</name>
         <load_address>0x7131</load_address>
         <run_address>0x7131</run_address>
         <size>0x164</size>
         <input_file_ref idref="fl-70"/>
      </object_component>
      <object_component id="oc-27d">
         <name>.debug_info</name>
         <load_address>0x7295</load_address>
         <run_address>0x7295</run_address>
         <size>0x1be</size>
         <input_file_ref idref="fl-71"/>
      </object_component>
      <object_component id="oc-1e4">
         <name>.debug_info</name>
         <load_address>0x7453</load_address>
         <run_address>0x7453</run_address>
         <size>0x1b5</size>
         <input_file_ref idref="fl-71"/>
      </object_component>
      <object_component id="oc-2ec">
         <name>.debug_info</name>
         <load_address>0x7608</load_address>
         <run_address>0x7608</run_address>
         <size>0x1f3</size>
         <input_file_ref idref="fl-72"/>
      </object_component>
      <object_component id="oc-285">
         <name>.debug_info</name>
         <load_address>0x77fb</load_address>
         <run_address>0x77fb</run_address>
         <size>0x294</size>
         <input_file_ref idref="fl-72"/>
      </object_component>
      <object_component id="oc-1cd">
         <name>.debug_info</name>
         <load_address>0x7a8f</load_address>
         <run_address>0x7a8f</run_address>
         <size>0x10e</size>
         <input_file_ref idref="fl-73"/>
      </object_component>
      <object_component id="oc-1c8">
         <name>.debug_info</name>
         <load_address>0x7b9d</load_address>
         <run_address>0x7b9d</run_address>
         <size>0x105</size>
         <input_file_ref idref="fl-74"/>
      </object_component>
      <object_component id="oc-e3">
         <name>.debug_info</name>
         <load_address>0x7ca2</load_address>
         <run_address>0x7ca2</run_address>
         <size>0xf0</size>
         <input_file_ref idref="fl-83"/>
      </object_component>
      <object_component id="oc-2d9">
         <name>.debug_info</name>
         <load_address>0x7d92</load_address>
         <run_address>0x7d92</run_address>
         <size>0x101</size>
         <input_file_ref idref="fl-86"/>
      </object_component>
      <object_component id="oc-275">
         <name>.debug_info</name>
         <load_address>0x7e93</load_address>
         <run_address>0x7e93</run_address>
         <size>0x107</size>
         <input_file_ref idref="fl-86"/>
      </object_component>
      <object_component id="oc-2dc">
         <name>.debug_info</name>
         <load_address>0x7f9a</load_address>
         <run_address>0x7f9a</run_address>
         <size>0x101</size>
         <input_file_ref idref="fl-87"/>
      </object_component>
      <object_component id="oc-278">
         <name>.debug_info</name>
         <load_address>0x809b</load_address>
         <run_address>0x809b</run_address>
         <size>0x107</size>
         <input_file_ref idref="fl-87"/>
      </object_component>
      <object_component id="oc-2f9">
         <name>.debug_info</name>
         <load_address>0x81a2</load_address>
         <run_address>0x81a2</run_address>
         <size>0x155</size>
         <input_file_ref idref="fl-88"/>
      </object_component>
      <object_component id="oc-2b4">
         <name>.debug_info</name>
         <load_address>0x82f7</load_address>
         <run_address>0x82f7</run_address>
         <size>0x185</size>
         <input_file_ref idref="fl-88"/>
      </object_component>
      <object_component id="oc-2fa">
         <name>.debug_info</name>
         <load_address>0x847c</load_address>
         <run_address>0x847c</run_address>
         <size>0x2c</size>
         <input_file_ref idref="fl-88"/>
      </object_component>
      <object_component id="oc-102">
         <name>.debug_info</name>
         <load_address>0x84a8</load_address>
         <run_address>0x84a8</run_address>
         <size>0x12b</size>
         <input_file_ref idref="fl-8f"/>
      </object_component>
      <object_component id="oc-307">
         <name>.debug_info</name>
         <load_address>0x85d3</load_address>
         <run_address>0x85d3</run_address>
         <size>0x1c5</size>
         <input_file_ref idref="fl-90"/>
      </object_component>
      <object_component id="oc-2e6">
         <name>.debug_info</name>
         <load_address>0x8798</load_address>
         <run_address>0x8798</run_address>
         <size>0x1b5</size>
         <input_file_ref idref="fl-90"/>
      </object_component>
      <object_component id="oc-2e3">
         <name>.debug_info</name>
         <load_address>0x894d</load_address>
         <run_address>0x894d</run_address>
         <size>0x101</size>
         <input_file_ref idref="fl-92"/>
      </object_component>
      <object_component id="oc-172">
         <name>.debug_info</name>
         <load_address>0x8a4e</load_address>
         <run_address>0x8a4e</run_address>
         <size>0x31e</size>
         <input_file_ref idref="fl-93"/>
      </object_component>
      <object_component id="oc-106">
         <name>.debug_info</name>
         <load_address>0x8d6c</load_address>
         <run_address>0x8d6c</run_address>
         <size>0x1de</size>
         <input_file_ref idref="fl-93"/>
      </object_component>
      <object_component id="oc-21e">
         <name>.debug_info</name>
         <load_address>0x8f4a</load_address>
         <run_address>0x8f4a</run_address>
         <size>0x39</size>
         <input_file_ref idref="fl-93"/>
      </object_component>
      <object_component id="oc-173">
         <name>.debug_info</name>
         <load_address>0x8f83</load_address>
         <run_address>0x8f83</run_address>
         <size>0x2c</size>
         <input_file_ref idref="fl-93"/>
      </object_component>
      <object_component id="oc-2f0">
         <name>.debug_info</name>
         <load_address>0x8faf</load_address>
         <run_address>0x8faf</run_address>
         <size>0x1b9</size>
         <input_file_ref idref="fl-94"/>
      </object_component>
      <object_component id="oc-28c">
         <name>.debug_info</name>
         <load_address>0x9168</load_address>
         <run_address>0x9168</run_address>
         <size>0x1b6</size>
         <input_file_ref idref="fl-94"/>
      </object_component>
      <object_component id="oc-37d">
         <name>.debug_info</name>
         <load_address>0x931e</load_address>
         <run_address>0x931e</run_address>
         <size>0xa7</size>
      </object_component>
      <object_component id="oc-19a">
         <name>.debug_line</name>
         <load_address>0x0</load_address>
         <run_address>0x0</run_address>
         <size>0x48</size>
         <input_file_ref idref="fl-2"/>
      </object_component>
      <object_component id="oc-1a0">
         <name>.debug_line</name>
         <load_address>0x48</load_address>
         <run_address>0x48</run_address>
         <size>0x49</size>
         <input_file_ref idref="fl-2"/>
      </object_component>
      <object_component id="oc-124">
         <name>.debug_line</name>
         <load_address>0x91</load_address>
         <run_address>0x91</run_address>
         <size>0x4c</size>
         <input_file_ref idref="fl-2"/>
      </object_component>
      <object_component id="oc-2c0">
         <name>.debug_line</name>
         <load_address>0xdd</load_address>
         <run_address>0xdd</run_address>
         <size>0x7a</size>
         <input_file_ref idref="fl-2"/>
      </object_component>
      <object_component id="oc-208">
         <name>.debug_line</name>
         <load_address>0x157</load_address>
         <run_address>0x157</run_address>
         <size>0x20</size>
         <input_file_ref idref="fl-2"/>
      </object_component>
      <object_component id="oc-1bc">
         <name>.debug_line</name>
         <load_address>0x177</load_address>
         <run_address>0x177</run_address>
         <size>0x68</size>
         <input_file_ref idref="fl-2"/>
      </object_component>
      <object_component id="oc-30d">
         <name>.debug_line</name>
         <load_address>0x1df</load_address>
         <run_address>0x1df</run_address>
         <size>0x179</size>
         <input_file_ref idref="fl-3"/>
      </object_component>
      <object_component id="oc-2f6">
         <name>.debug_line</name>
         <load_address>0x358</load_address>
         <run_address>0x358</run_address>
         <size>0x31</size>
         <input_file_ref idref="fl-3"/>
      </object_component>
      <object_component id="oc-1ab">
         <name>.debug_line</name>
         <load_address>0x389</load_address>
         <run_address>0x389</run_address>
         <size>0x46</size>
         <input_file_ref idref="fl-3"/>
      </object_component>
      <object_component id="oc-257">
         <name>.debug_line</name>
         <load_address>0x3cf</load_address>
         <run_address>0x3cf</run_address>
         <size>0x4e</size>
         <input_file_ref idref="fl-3"/>
      </object_component>
      <object_component id="oc-251">
         <name>.debug_line</name>
         <load_address>0x41d</load_address>
         <run_address>0x41d</run_address>
         <size>0x48</size>
         <input_file_ref idref="fl-3"/>
      </object_component>
      <object_component id="oc-25d">
         <name>.debug_line</name>
         <load_address>0x465</load_address>
         <run_address>0x465</run_address>
         <size>0x5a</size>
         <input_file_ref idref="fl-3"/>
      </object_component>
      <object_component id="oc-1b1">
         <name>.debug_line</name>
         <load_address>0x4bf</load_address>
         <run_address>0x4bf</run_address>
         <size>0x4b</size>
         <input_file_ref idref="fl-3"/>
      </object_component>
      <object_component id="oc-ea">
         <name>.debug_line</name>
         <load_address>0x50a</load_address>
         <run_address>0x50a</run_address>
         <size>0x4c</size>
         <input_file_ref idref="fl-3"/>
      </object_component>
      <object_component id="oc-f6">
         <name>.debug_line</name>
         <load_address>0x556</load_address>
         <run_address>0x556</run_address>
         <size>0x4a</size>
         <input_file_ref idref="fl-3"/>
      </object_component>
      <object_component id="oc-f0">
         <name>.debug_line</name>
         <load_address>0x5a0</load_address>
         <run_address>0x5a0</run_address>
         <size>0x4f</size>
         <input_file_ref idref="fl-3"/>
      </object_component>
      <object_component id="oc-296">
         <name>.debug_line</name>
         <load_address>0x5ef</load_address>
         <run_address>0x5ef</run_address>
         <size>0x12d</size>
         <input_file_ref idref="fl-4"/>
      </object_component>
      <object_component id="oc-26c">
         <name>.debug_line</name>
         <load_address>0x71c</load_address>
         <run_address>0x71c</run_address>
         <size>0x43</size>
         <input_file_ref idref="fl-4"/>
      </object_component>
      <object_component id="oc-264">
         <name>.debug_line</name>
         <load_address>0x75f</load_address>
         <run_address>0x75f</run_address>
         <size>0x58</size>
         <input_file_ref idref="fl-4"/>
      </object_component>
      <object_component id="oc-14c">
         <name>.debug_line</name>
         <load_address>0x7b7</load_address>
         <run_address>0x7b7</run_address>
         <size>0x8f</size>
         <input_file_ref idref="fl-4"/>
      </object_component>
      <object_component id="oc-159">
         <name>.debug_line</name>
         <load_address>0x846</load_address>
         <run_address>0x846</run_address>
         <size>0x78</size>
         <input_file_ref idref="fl-4"/>
      </object_component>
      <object_component id="oc-16b">
         <name>.debug_line</name>
         <load_address>0x8be</load_address>
         <run_address>0x8be</run_address>
         <size>0xcf</size>
         <input_file_ref idref="fl-4"/>
      </object_component>
      <object_component id="oc-20f">
         <name>.debug_line</name>
         <load_address>0x98d</load_address>
         <run_address>0x98d</run_address>
         <size>0x61</size>
         <input_file_ref idref="fl-4"/>
      </object_component>
      <object_component id="oc-218">
         <name>.debug_line</name>
         <load_address>0x9ee</load_address>
         <run_address>0x9ee</run_address>
         <size>0x59</size>
         <input_file_ref idref="fl-4"/>
      </object_component>
      <object_component id="oc-138">
         <name>.debug_line</name>
         <load_address>0xa47</load_address>
         <run_address>0xa47</run_address>
         <size>0x20</size>
         <input_file_ref idref="fl-5"/>
      </object_component>
      <object_component id="oc-2d1">
         <name>.debug_line</name>
         <load_address>0xa67</load_address>
         <run_address>0xa67</run_address>
         <size>0x20</size>
         <input_file_ref idref="fl-15"/>
      </object_component>
      <object_component id="oc-268">
         <name>.debug_line</name>
         <load_address>0xa87</load_address>
         <run_address>0xa87</run_address>
         <size>0x46</size>
         <input_file_ref idref="fl-15"/>
      </object_component>
      <object_component id="oc-1a2">
         <name>.debug_line</name>
         <load_address>0xacd</load_address>
         <run_address>0xacd</run_address>
         <size>0x66</size>
         <input_file_ref idref="fl-15"/>
      </object_component>
      <object_component id="oc-1d2">
         <name>.debug_line</name>
         <load_address>0xb33</load_address>
         <run_address>0xb33</run_address>
         <size>0x67</size>
         <input_file_ref idref="fl-15"/>
      </object_component>
      <object_component id="oc-1bf">
         <name>.debug_line</name>
         <load_address>0xb9a</load_address>
         <run_address>0xb9a</run_address>
         <size>0x66</size>
         <input_file_ref idref="fl-15"/>
      </object_component>
      <object_component id="oc-2aa">
         <name>.debug_line</name>
         <load_address>0xc00</load_address>
         <run_address>0xc00</run_address>
         <size>0x65</size>
         <input_file_ref idref="fl-15"/>
      </object_component>
      <object_component id="oc-146">
         <name>.debug_line</name>
         <load_address>0xc65</load_address>
         <run_address>0xc65</run_address>
         <size>0x65</size>
         <input_file_ref idref="fl-15"/>
      </object_component>
      <object_component id="oc-152">
         <name>.debug_line</name>
         <load_address>0xcca</load_address>
         <run_address>0xcca</run_address>
         <size>0x65</size>
         <input_file_ref idref="fl-15"/>
      </object_component>
      <object_component id="oc-2a4">
         <name>.debug_line</name>
         <load_address>0xd2f</load_address>
         <run_address>0xd2f</run_address>
         <size>0x6e</size>
         <input_file_ref idref="fl-15"/>
      </object_component>
      <object_component id="oc-241">
         <name>.debug_line</name>
         <load_address>0xd9d</load_address>
         <run_address>0xd9d</run_address>
         <size>0xc0</size>
         <input_file_ref idref="fl-19"/>
      </object_component>
      <object_component id="oc-247">
         <name>.debug_line</name>
         <load_address>0xe5d</load_address>
         <run_address>0xe5d</run_address>
         <size>0x76</size>
         <input_file_ref idref="fl-19"/>
      </object_component>
      <object_component id="oc-193">
         <name>.debug_line</name>
         <load_address>0xed3</load_address>
         <run_address>0xed3</run_address>
         <size>0x6d</size>
         <input_file_ref idref="fl-19"/>
      </object_component>
      <object_component id="oc-311">
         <name>.debug_line</name>
         <load_address>0xf40</load_address>
         <run_address>0xf40</run_address>
         <size>0x20</size>
         <input_file_ref idref="fl-23"/>
      </object_component>
      <object_component id="oc-1ff">
         <name>.debug_line</name>
         <load_address>0xf60</load_address>
         <run_address>0xf60</run_address>
         <size>0x5c</size>
         <input_file_ref idref="fl-23"/>
      </object_component>
      <object_component id="oc-2ba">
         <name>.debug_line</name>
         <load_address>0xfbc</load_address>
         <run_address>0xfbc</run_address>
         <size>0x65</size>
         <input_file_ref idref="fl-23"/>
      </object_component>
      <object_component id="oc-2c6">
         <name>.debug_line</name>
         <load_address>0x1021</load_address>
         <run_address>0x1021</run_address>
         <size>0x70</size>
         <input_file_ref idref="fl-23"/>
      </object_component>
      <object_component id="oc-2cc">
         <name>.debug_line</name>
         <load_address>0x1091</load_address>
         <run_address>0x1091</run_address>
         <size>0x62</size>
         <input_file_ref idref="fl-23"/>
      </object_component>
      <object_component id="oc-1f9">
         <name>.debug_line</name>
         <load_address>0x10f3</load_address>
         <run_address>0x10f3</run_address>
         <size>0x5f</size>
         <input_file_ref idref="fl-23"/>
      </object_component>
      <object_component id="oc-1db">
         <name>.debug_line</name>
         <load_address>0x1152</load_address>
         <run_address>0x1152</run_address>
         <size>0x60</size>
         <input_file_ref idref="fl-23"/>
      </object_component>
      <object_component id="oc-1e1">
         <name>.debug_line</name>
         <load_address>0x11b2</load_address>
         <run_address>0x11b2</run_address>
         <size>0x5f</size>
         <input_file_ref idref="fl-23"/>
      </object_component>
      <object_component id="oc-164">
         <name>.debug_line</name>
         <load_address>0x1211</load_address>
         <run_address>0x1211</run_address>
         <size>0x5f</size>
         <input_file_ref idref="fl-23"/>
      </object_component>
      <object_component id="oc-15e">
         <name>.debug_line</name>
         <load_address>0x1270</load_address>
[...]
      </symbol>
      <symbol id="sm-263">
         <name>UCB0CTLW0_H</name>
         <value>0x5e1</value>
      </symbol>
      <symbol id="sm-264">
         <name>UCB0BRW</name>
         <value>0x5e6</value>
      </symbol>
      <symbol id="sm-265">
         <name>UCB0BRW_L</name>
         <value>0x5e6</value>
      </symbol>
      <symbol id="sm-266">
         <name>UCB0BRW_H</name>
         <value>0x5e7</value>
      </symbol>
      <symbol id="sm-267">
         <name>UCB0STAT</name>
         <value>0x5ea</value>
      </symbol>
      <symbol id="sm-268">
         <name>UCB0RXBUF</name>
         <value>0x5ec</value>
      </symbol>
      <symbol id="sm-269">
         <name>UCB0TXBUF</name>
         <value>0x5ee</value>
      </symbol>
      <symbol id="sm-26a">
         <name>UCB0I2COA</name>
         <value>0x5f0</value>
      </symbol>
      <symbol id="sm-26b">
         <name>UCB0I2COA_L</name>
         <value>0x5f0</value>
      </symbol>
      <symbol id="sm-26c">
         <name>UCB0I2COA_H</name>
         <value>0x5f1</value>
      </symbol>
      <symbol id="sm-26d">
         <name>UCB0I2CSA</name>
         <value>0x5f2</value>
      </symbol>
      <symbol id="sm-26e">
         <name>UCB0I2CSA_L</name>
         <value>0x5f2</value>
      </symbol>
      <symbol id="sm-26f">
         <name>UCB0I2CSA_H</name>
         <value>0x5f3</value>
      </symbol>
      <symbol id="sm-270">
         <name>UCB0ICTL</name>
         <value>0x5fc</value>
      </symbol>
      <symbol id="sm-271">
         <name>UCB0ICTL_L</name>
         <value>0x5fc</value>
      </symbol>
      <symbol id="sm-272">
         <name>UCB0ICTL_H</name>
         <value>0x5fd</value>
      </symbol>
      <symbol id="sm-273">
         <name>UCB0IV</name>
         <value>0x5fe</value>
      </symbol>
      <symbol id="sm-274">
         <name>WDTCTL</name>
         <value>0x15c</value>
      </symbol>
      <symbol id="sm-275">
         <name>WDTCTL_L</name>
         <value>0x15c</value>
      </symbol>
      <symbol id="sm-276">
         <name>WDTCTL_H</name>
         <value>0x15d</value>
      </symbol>
      <symbol id="sm-277">
         <name>__TI_CINIT_Base</name>
         <value>0x930e</value>
      </symbol>
      <symbol id="sm-278">
         <name>__TI_CINIT_Limit</name>
         <value>0x931e</value>
      </symbol>
      <symbol id="sm-279">
         <name>__TI_Handler_Table_Base</name>
         <value>0x92f2</value>
      </symbol>
      <symbol id="sm-27a">
         <name>__TI_Handler_Table_Limit</name>
         <value>0x92fe</value>
      </symbol>
      <symbol id="sm-27b">
         <name>binit</name>
         <value>0xffffffff</value>
      </symbol>
      <symbol id="sm-27c">
         <name>__binit__</name>
         <value>0xffffffff</value>
      </symbol>
      <symbol id="sm-27d">
         <name>__STACK_SIZE</name>
         <value>0x50</value>
      </symbol>
      <symbol id="sm-27e">
         <name>__STACK_END</name>
         <value>0x2bfc</value>
      </symbol>
      <symbol id="sm-27f">
         <name>__c_args__</name>
         <value>0xffffffff</value>
      </symbol>
      <symbol id="sm-303">
         <name>main</name>
         <value>0x8fb6</value>
         <object_component_ref idref="oc-11f"/>
      </symbol>
      <symbol id="sm-352">
         <name>__TI_int48</name>
         <value>0xffe0</value>
         <object_component_ref idref="oc-73"/>
      </symbol>
      <symbol id="sm-353">
         <name>__TI_int54</name>
         <value>0xffec</value>
         <object_component_ref idref="oc-79"/>
      </symbol>
      <symbol id="sm-354">
         <name>__TI_int55</name>
         <value>0xffee</value>
         <object_component_ref idref="oc-7a"/>
      </symbol>
      <symbol id="sm-355">
         <name>Port_2</name>
         <value>0x906a</value>
         <object_component_ref idref="oc-e6"/>
      </symbol>
      <symbol id="sm-356">
         <name>sleep_handler</name>
         <value>0x91ac</value>
         <object_component_ref idref="oc-1ad"/>
      </symbol>
      <symbol id="sm-357">
         <name>pin_mode_init</name>
         <value>0x9252</value>
         <object_component_ref idref="oc-1a7"/>
      </symbol>
      <symbol id="sm-358">
         <name>TIMER0_A1_ISR</name>
         <value>0x9042</value>
         <object_component_ref idref="oc-ec"/>
      </symbol>
      <symbol id="sm-359">
         <name>TIMER0_A0_ISR</name>
         <value>0x90b2</value>
         <object_component_ref idref="oc-f2"/>
      </symbol>
      <symbol id="sm-3a1">
         <name>ticks_array</name>
         <value>0x1c00</value>
      </symbol>
      <symbol id="sm-3a2">
         <name>tick_recorder</name>
         <value>0x1c13</value>
         <object_component_ref idref="oc-1c4"/>
      </symbol>
      <symbol id="sm-3a3">
         <name>full_timeout</name>
         <value>0x8528</value>
         <object_component_ref idref="oc-167"/>
      </symbol>
      <symbol id="sm-3a4">
         <name>valid_hits</name>
         <value>0x1c14</value>
         <object_component_ref idref="oc-1c4"/>
      </symbol>
      <symbol id="sm-3a5">
         <name>initial_detect</name>
         <value>0x8668</value>
         <object_component_ref idref="oc-147"/>
      </symbol>
      <symbol id="sm-3a6">
         <name>get_detect_active</name>
         <value>0x926c</value>
         <object_component_ref idref="oc-260"/>
      </symbol>
      <symbol id="sm-3a7">
         <name>short_timeout</name>
         <value>0x8c3a</value>
         <object_component_ref idref="oc-154"/>
      </symbol>
      <symbol id="sm-401">
         <name>GPIO_setAsInputPin</name>
         <value>0x90f4</value>
         <object_component_ref idref="oc-1d1"/>
      </symbol>
      <symbol id="sm-402">
         <name>GPIO_getInterruptStatus</name>
         <value>0x917c</value>
         <object_component_ref idref="oc-141"/>
      </symbol>
      <symbol id="sm-403">
         <name>GPIO_enableInterrupt</name>
         <value>0x91da</value>
         <object_component_ref idref="oc-2a6"/>
      </symbol>
      <symbol id="sm-404">
         <name>GPIO_setAsOutputPin</name>
         <value>0x912e</value>
         <object_component_ref idref="oc-1a1"/>
      </symbol>
      <symbol id="sm-405">
         <name>GPIO_interruptEdgeSelect</name>
         <value>0x90d4</value>
         <object_component_ref idref="oc-2a0"/>
      </symbol>
      <symbol id="sm-406">
         <name>GPIO_clearInterruptFlag</name>
         <value>0x91c4</value>
         <object_component_ref idref="oc-14d"/>
      </symbol>
      <symbol id="sm-407">
         <name>GPIO_setAsPeripheralModuleFunctionInputPin</name>
         <value>0x9148</value>
         <object_component_ref idref="oc-1be"/>
      </symbol>
      <symbol id="sm-430">
         <name>PMM_setVCore</name>
         <value>0x8d8a</value>
         <object_component_ref idref="oc-18f"/>
      </symbol>
      <symbol id="sm-431">
         <name>PMM_setVCoreDown</name>
         <value>0x89c0</value>
         <object_component_ref idref="oc-243"/>
      </symbol>
      <symbol id="sm-432">
         <name>PMM_setVCoreUp</name>
         <value>0x8758</value>
         <object_component_ref idref="oc-23d"/>
      </symbol>
      <symbol id="sm-483">
         <name>Timer_A_enableCaptureCompareInterrupt</name>
         <value>0x9278</value>
         <object_component_ref idref="oc-1f5"/>
      </symbol>
      <symbol id="sm-484">
         <name>Timer_A_setCompareValue</name>
         <value>0x9294</value>
         <object_component_ref idref="oc-1dd"/>
      </symbol>
      <symbol id="sm-485">
         <name>Timer_A_initUpMode</name>
         <value>0x8ca2</value>
         <object_component_ref idref="oc-2c2"/>
      </symbol>
      <symbol id="sm-486">
         <name>Timer_A_clearCaptureCompareInterruptFlag</name>
         <value>0x928c</value>
         <object_component_ref idref="oc-15a"/>
      </symbol>
      <symbol id="sm-487">
         <name>Timer_A_initContinuousMode</name>
         <value>0x8dca</value>
         <object_component_ref idref="oc-2b6"/>
      </symbol>
      <symbol id="sm-488">
         <name>Timer_A_initCompareMode</name>
         <value>0x8fe6</value>
         <object_component_ref idref="oc-2c8"/>
      </symbol>
      <symbol id="sm-489">
         <name>Timer_A_startCounter</name>
         <value>0x92a2</value>
         <object_component_ref idref="oc-1fb"/>
      </symbol>
      <symbol id="sm-48a">
         <name>Timer_A_clearTimerInterruptFlag</name>
         <value>0x929c</value>
         <object_component_ref idref="oc-160"/>
      </symbol>
      <symbol id="sm-48b">
         <name>Timer_A_stop</name>
         <value>0x9260</value>
         <object_component_ref idref="oc-1d7"/>
      </symbol>
      <symbol id="sm-49f">
         <name>WDT_A_hold</name>
         <value>0x9194</value>
         <object_component_ref idref="oc-189"/>
      </symbol>
      <symbol id="sm-4ce">
         <name>__mspabi_addd</name>
         <value>0x8000</value>
         <object_component_ref idref="oc-1e9"/>
      </symbol>
      <symbol id="sm-4d7">
         <name>_stack</name>
         <value>0x2bac</value>
         <object_component_ref idref="oc-c4"/>
      </symbol>
      <symbol id="sm-4d8">
         <name>_reset_vector</name>
         <value>0xfffe</value>
         <object_component_ref idref="oc-c7"/>
      </symbol>
      <symbol id="sm-4e3">
         <name>_c_int00_noargs_noexit</name>
         <value>0x9162</value>
         <object_component_ref idref="oc-a0"/>
      </symbol>
      <symbol id="sm-4f4">
         <name>__TI_decompress_none</name>
         <value>0x8f44</value>
         <object_component_ref idref="oc-65"/>
      </symbol>
      <symbol id="sm-518">
         <name>__TI_decompress_rle24</name>
         <value>0x9244</value>
         <object_component_ref idref="oc-6b"/>
      </symbol>
      <symbol id="sm-52b">
         <name>__TI_zero_init</name>
         <value>0x8e8a</value>
         <object_component_ref idref="oc-82"/>
      </symbol>
      <symbol id="sm-536">
         <name>__memcpy_far</name>
         <value>0x8e0a</value>
         <object_component_ref idref="oc-c8"/>
      </symbol>
      <symbol id="sm-543">
         <name>C$$EXIT</name>
         <value>0x92b2</value>
         <object_component_ref idref="oc-127"/>
      </symbol>
      <symbol id="sm-544">
         <name>abort</name>
         <value>0x92b2</value>
         <object_component_ref idref="oc-127"/>
      </symbol>
      <symbol id="sm-552">
         <name>__mspabi_fixdu</name>
         <value>0x91f0</value>
         <object_component_ref idref="oc-1ef"/>
      </symbol>
      <symbol id="sm-567">
         <name>__mspabi_fltuld</name>
         <value>0x8b5c</value>
         <object_component_ref idref="oc-1e3"/>
      </symbol>
      <symbol id="sm-588">
         <name>__TI_frcaddd</name>
         <value>0x82d6</value>
         <object_component_ref idref="oc-283"/>
      </symbol>
      <symbol id="sm-59d">
         <name>__mspabi_cmpf</name>
         <value>0x8cfe</value>
         <object_component_ref idref="oc-1cc"/>
      </symbol>
      <symbol id="sm-5ad">
         <name>__mspabi_fltuf</name>
         <value>0x908e</value>
         <object_component_ref idref="oc-1c7"/>
      </symbol>
      <symbol id="sm-5b0">
         <name>__TI_int45</name>
         <value>0xffda</value>
         <object_component_ref idref="oc-71"/>
      </symbol>
      <symbol id="sm-5b3">
         <name>__TI_int46</name>
         <value>0xffdc</value>
         <object_component_ref idref="oc-72"/>
      </symbol>
      <symbol id="sm-5b6">
         <name>__TI_int49</name>
         <value>0xffe2</value>
         <object_component_ref idref="oc-74"/>
      </symbol>
      <symbol id="sm-5b9">
         <name>__TI_int50</name>
         <value>0xffe4</value>
         <object_component_ref idref="oc-75"/>
      </symbol>
      <symbol id="sm-5bc">
         <name>__TI_int51</name>
         <value>0xffe6</value>
         <object_component_ref idref="oc-76"/>
      </symbol>
      <symbol id="sm-5bf">
         <name>__TI_int52</name>
         <value>0xffe8</value>
         <object_component_ref idref="oc-77"/>
      </symbol>
      <symbol id="sm-5c2">
         <name>__TI_int53</name>
         <value>0xffea</value>
         <object_component_ref idref="oc-78"/>
      </symbol>
      <symbol id="sm-5c5">
         <name>__TI_int56</name>
         <value>0xfff0</value>
         <object_component_ref idref="oc-7b"/>
      </symbol>
      <symbol id="sm-5c8">
         <name>__TI_int57</name>
         <value>0xfff2</value>
         <object_component_ref idref="oc-7c"/>
      </symbol>
      <symbol id="sm-5cb">
         <name>__TI_int58</name>
         <value>0xfff4</value>
         <object_component_ref idref="oc-7d"/>
      </symbol>
      <symbol id="sm-5ce">
         <name>__TI_int59</name>
         <value>0xfff6</value>
         <object_component_ref idref="oc-7e"/>
      </symbol>
      <symbol id="sm-5d1">
         <name>__TI_int60</name>
         <value>0xfff8</value>
         <object_component_ref idref="oc-7f"/>
      </symbol>
      <symbol id="sm-5d4">
         <name>__TI_int61</name>
         <value>0xfffa</value>
         <object_component_ref idref="oc-80"/>
      </symbol>
      <symbol id="sm-5d7">
         <name>__TI_int62</name>
         <value>0xfffc</value>
         <object_component_ref idref="oc-81"/>
      </symbol>
      <symbol id="sm-5df">
         <name>__TI_ISR_TRAP</name>
         <value>0x92a8</value>
         <object_component_ref idref="oc-e1"/>
      </symbol>
      <symbol id="sm-5f1">
         <name>__mspabi_slll_9</name>
         <value>0x8ee0</value>
         <object_component_ref idref="oc-272"/>
      </symbol>
      <symbol id="sm-5f2">
         <name>__mspabi_slll_8</name>
         <value>0x8ee4</value>
         <object_component_ref idref="oc-272"/>
      </symbol>
      <symbol id="sm-5f3">
         <name>__mspabi_slll_7</name>
         <value>0x8ee8</value>
         <object_component_ref idref="oc-272"/>
      </symbol>
      <symbol id="sm-5f4">
         <name>__mspabi_slll_6</name>
         <value>0x8eec</value>
         <object_component_ref idref="oc-272"/>
      </symbol>
      <symbol id="sm-5f5">
         <name>__mspabi_slll_5</name>
         <value>0x8ef0</value>
         <object_component_ref idref="oc-272"/>
      </symbol>
      <symbol id="sm-5f6">
         <name>__mspabi_slll_4</name>
         <value>0x8ef4</value>
         <object_component_ref idref="oc-272"/>
      </symbol>
      <symbol id="sm-5f7">
         <name>__mspabi_slll_3</name>
         <value>0x8ef8</value>
         <object_component_ref idref="oc-272"/>
      </symbol>
      <symbol id="sm-5f8">
         <name>__mspabi_slll_2</name>
         <value>0x8efc</value>
         <object_component_ref idref="oc-272"/>
      </symbol>
      <symbol id="sm-5f9">
         <name>__mspabi_slll_1</name>
         <value>0x8f00</value>
         <object_component_ref idref="oc-272"/>
      </symbol>
      <symbol id="sm-5fa">
         <name>__mspabi_slll</name>
         <value>0x9224</value>
         <object_component_ref idref="oc-2d6"/>
      </symbol>
      <symbol id="sm-5fb">
         <name>__mspabi_slll_15</name>
         <value>0x8ec8</value>
         <object_component_ref idref="oc-272"/>
      </symbol>
      <symbol id="sm-5fc">
         <name>__mspabi_slll_14</name>
         <value>0x8ecc</value>
         <object_component_ref idref="oc-272"/>
      </symbol>
      <symbol id="sm-5fd">
         <name>__mspabi_slll_13</name>
         <value>0x8ed0</value>
         <object_component_ref idref="oc-272"/>
      </symbol>
      <symbol id="sm-5fe">
         <name>__mspabi_slll_12</name>
         <value>0x8ed4</value>
         <object_component_ref idref="oc-272"/>
      </symbol>
      <symbol id="sm-5ff">
         <name>__mspabi_slll_11</name>
         <value>0x8ed8</value>
         <object_component_ref idref="oc-272"/>
      </symbol>
      <symbol id="sm-600">
         <name>__mspabi_slll_10</name>
         <value>0x8edc</value>
         <object_component_ref idref="oc-272"/>
      </symbol>
      <symbol id="sm-610">
         <name>__mspabi_srll_8</name>
         <value>0x8f22</value>
         <object_component_ref idref="oc-277"/>
      </symbol>
      <symbol id="sm-611">
         <name>__mspabi_srll_9</name>
         <value>0x8f1e</value>
         <object_component_ref idref="oc-277"/>
      </symbol>
      <symbol id="sm-612">
         <name>__mspabi_srll_6</name>
         <value>0x8f2a</value>
         <object_component_ref idref="oc-277"/>
      </symbol>
      <symbol id="sm-613">
         <name>__mspabi_srll_7</name>
         <value>0x8f26</value>
         <object_component_ref idref="oc-277"/>
      </symbol>
      <symbol id="sm-614">
         <name>__mspabi_srll_4</name>
         <value>0x8f32</value>
         <object_component_ref idref="oc-277"/>
      </symbol>
      <symbol id="sm-615">
         <name>__mspabi_srll_5</name>
         <value>0x8f2e</value>
         <object_component_ref idref="oc-277"/>
      </symbol>
      <symbol id="sm-616">
         <name>__mspabi_srll_2</name>
         <value>0x8f3a</value>
         <object_component_ref idref="oc-277"/>
      </symbol>
      <symbol id="sm-617">
         <name>__mspabi_srll_3</name>
         <value>0x8f36</value>
         <object_component_ref idref="oc-277"/>
      </symbol>
      <symbol id="sm-618">
         <name>__mspabi_srll_1</name>
         <value>0x8f3e</value>
         <object_component_ref idref="oc-277"/>
      </symbol>
      <symbol id="sm-619">
         <name>__mspabi_srll_15</name>
         <value>0x8f06</value>
         <object_component_ref idref="oc-277"/>
      </symbol>
      <symbol id="sm-61a">
         <name>__mspabi_srll_14</name>
         <value>0x8f0a</value>
         <object_component_ref idref="oc-277"/>
      </symbol>
      <symbol id="sm-61b">
         <name>__mspabi_srll_13</name>
         <value>0x8f0e</value>
         <object_component_ref idref="oc-277"/>
      </symbol>
      <symbol id="sm-61c">
         <name>__mspabi_srll_12</name>
         <value>0x8f12</value>
         <object_component_ref idref="oc-277"/>
      </symbol>
      <symbol id="sm-61d">
         <name>__mspabi_srll_11</name>
         <value>0x8f16</value>
         <object_component_ref idref="oc-277"/>
      </symbol>
      <symbol id="sm-61e">
         <name>__mspabi_srll_10</name>
         <value>0x8f1a</value>
         <object_component_ref idref="oc-277"/>
      </symbol>
      <symbol id="sm-61f">
         <name>__mspabi_srll</name>
         <value>0x9234</value>
         <object_component_ref idref="oc-2db"/>
      </symbol>
      <symbol id="sm-632">
         <name>memcpy</name>
         <value>0x9202</value>
         <object_component_ref idref="oc-2b0"/>
      </symbol>
      <symbol id="sm-671">
         <name>_system_pre_init</name>
         <value>0x92ae</value>
         <object_component_ref idref="oc-ff"/>
      </symbol>
      <symbol id="sm-685">
         <name>__TI_renormd</name>
         <value>0x890e</value>
         <object_component_ref idref="oc-2e5"/>
      </symbol>
      <symbol id="sm-691">
         <name>__mspabi_sral</name>
         <value>0x9214</value>
         <object_component_ref idref="oc-2e0"/>
      </symbol>
      <symbol id="sm-6ac">
         <name>_auto_init_hold_wdt</name>
         <value>0x8ae2</value>
         <object_component_ref idref="oc-105"/>
      </symbol>
      <symbol id="sm-6bf">
         <name>__mspabi_fixdul</name>
         <value>0x8bd2</value>
         <object_component_ref idref="oc-28b"/>
      </symbol>
      <symbol id="sm-6c1">
         <name>__TI_INITARRAY_Base</name>
         <value>0x0</value>
      </symbol>
      <symbol id="sm-6c2">
         <name>__TI_INITARRAY_Limit</name>
         <value>0x0</value>
      </symbol>
   </symbol_table>
   <title>Link successful</title>
</link_info>
